Archive member included because of file (symbol)

c:/memo/siliconlabs/simplicitystudio/v3/developer/toolchains/gnu_arm/4.8_2013q4/bin/../lib/gcc/arm-none-eabi/4.8.3/armv7-m\libgcc.a(_arm_addsubdf3.o)
                              ./task/src/mytask.o (__aeabi_ui2d)
c:/memo/siliconlabs/simplicitystudio/v3/developer/toolchains/gnu_arm/4.8_2013q4/bin/../lib/gcc/arm-none-eabi/4.8.3/armv7-m\libgcc.a(_arm_muldivdf3.o)
                              ./task/src/mytask.o (__aeabi_dmul)
c:/memo/siliconlabs/simplicitystudio/v3/developer/toolchains/gnu_arm/4.8_2013q4/bin/../lib/gcc/arm-none-eabi/4.8.3/armv7-m\libgcc.a(_arm_fixunsdfsi.o)
                              ./task/src/mytask.o (__aeabi_d2uiz)
c:/memo/siliconlabs/simplicitystudio/v3/developer/toolchains/gnu_arm/4.8_2013q4/bin/../lib/gcc/arm-none-eabi/4.8.3/armv7-m\libgcc.a(_aeabi_uldivmod.o)
                              ./emlib/em_usart.o (__aeabi_uldivmod)
c:/memo/siliconlabs/simplicitystudio/v3/developer/toolchains/gnu_arm/4.8_2013q4/bin/../lib/gcc/arm-none-eabi/4.8.3/armv7-m\libgcc.a(bpabi.o)
                              c:/memo/siliconlabs/simplicitystudio/v3/developer/toolchains/gnu_arm/4.8_2013q4/bin/../lib/gcc/arm-none-eabi/4.8.3/armv7-m\libgcc.a(_aeabi_uldivmod.o) (__gnu_uldivmod_helper)
c:/memo/siliconlabs/simplicitystudio/v3/developer/toolchains/gnu_arm/4.8_2013q4/bin/../lib/gcc/arm-none-eabi/4.8.3/armv7-m\libgcc.a(_dvmd_tls.o)
                              c:/memo/siliconlabs/simplicitystudio/v3/developer/toolchains/gnu_arm/4.8_2013q4/bin/../lib/gcc/arm-none-eabi/4.8.3/armv7-m\libgcc.a(_aeabi_uldivmod.o) (__aeabi_ldiv0)
c:/memo/siliconlabs/simplicitystudio/v3/developer/toolchains/gnu_arm/4.8_2013q4/bin/../lib/gcc/arm-none-eabi/4.8.3/armv7-m\libgcc.a(_divdi3.o)
                              c:/memo/siliconlabs/simplicitystudio/v3/developer/toolchains/gnu_arm/4.8_2013q4/bin/../lib/gcc/arm-none-eabi/4.8.3/armv7-m\libgcc.a(bpabi.o) (__divdi3)
c:/memo/siliconlabs/simplicitystudio/v3/developer/toolchains/gnu_arm/4.8_2013q4/bin/../lib/gcc/arm-none-eabi/4.8.3/armv7-m\libgcc.a(_udivdi3.o)
                              c:/memo/siliconlabs/simplicitystudio/v3/developer/toolchains/gnu_arm/4.8_2013q4/bin/../lib/gcc/arm-none-eabi/4.8.3/armv7-m\libgcc.a(bpabi.o) (__udivdi3)
c:/memo/siliconlabs/simplicitystudio/v3/developer/toolchains/gnu_arm/4.8_2013q4/bin/../lib/gcc/arm-none-eabi/4.8.3/../../../../arm-none-eabi/lib/armv7-m\libc_s.a(lib_a-abs.o)
                              ./protocol/icp/src/icp_app.o (abs)
c:/memo/siliconlabs/simplicitystudio/v3/developer/toolchains/gnu_arm/4.8_2013q4/bin/../lib/gcc/arm-none-eabi/4.8.3/../../../../arm-none-eabi/lib/armv7-m\libc_s.a(lib_a-exit.o)
                              c:/memo/siliconlabs/simplicitystudio/v3/developer/toolchains/gnu_arm/4.8_2013q4/bin/../lib/gcc/arm-none-eabi/4.8.3/../../../../arm-none-eabi/lib/armv7-m/crt0.o (exit)
c:/memo/siliconlabs/simplicitystudio/v3/developer/toolchains/gnu_arm/4.8_2013q4/bin/../lib/gcc/arm-none-eabi/4.8.3/../../../../arm-none-eabi/lib/armv7-m\libc_s.a(lib_a-impure.o)
                              c:/memo/siliconlabs/simplicitystudio/v3/developer/toolchains/gnu_arm/4.8_2013q4/bin/../lib/gcc/arm-none-eabi/4.8.3/../../../../arm-none-eabi/lib/armv7-m\libc_s.a(lib_a-exit.o) (_global_impure_ptr)
c:/memo/siliconlabs/simplicitystudio/v3/developer/toolchains/gnu_arm/4.8_2013q4/bin/../lib/gcc/arm-none-eabi/4.8.3/../../../../arm-none-eabi/lib/armv7-m\libc_s.a(lib_a-init.o)
                              c:/memo/siliconlabs/simplicitystudio/v3/developer/toolchains/gnu_arm/4.8_2013q4/bin/../lib/gcc/arm-none-eabi/4.8.3/../../../../arm-none-eabi/lib/armv7-m/crt0.o (__libc_init_array)
c:/memo/siliconlabs/simplicitystudio/v3/developer/toolchains/gnu_arm/4.8_2013q4/bin/../lib/gcc/arm-none-eabi/4.8.3/../../../../arm-none-eabi/lib/armv7-m\libc_s.a(lib_a-malloc.o)
                              ./mid/src/datacache.o (malloc)
c:/memo/siliconlabs/simplicitystudio/v3/developer/toolchains/gnu_arm/4.8_2013q4/bin/../lib/gcc/arm-none-eabi/4.8.3/../../../../arm-none-eabi/lib/armv7-m\libc_s.a(lib_a-memcmp.o)
                              ./task/src/mytask.o (memcmp)
c:/memo/siliconlabs/simplicitystudio/v3/developer/toolchains/gnu_arm/4.8_2013q4/bin/../lib/gcc/arm-none-eabi/4.8.3/../../../../arm-none-eabi/lib/armv7-m\libc_s.a(lib_a-memcpy-stub.o)
                              ./rf/src/radio_hal.o (memcpy)
c:/memo/siliconlabs/simplicitystudio/v3/developer/toolchains/gnu_arm/4.8_2013q4/bin/../lib/gcc/arm-none-eabi/4.8.3/../../../../arm-none-eabi/lib/armv7-m\libc_s.a(lib_a-memset.o)
                              c:/memo/siliconlabs/simplicitystudio/v3/developer/toolchains/gnu_arm/4.8_2013q4/bin/../lib/gcc/arm-none-eabi/4.8.3/../../../../arm-none-eabi/lib/armv7-m/crt0.o (memset)
c:/memo/siliconlabs/simplicitystudio/v3/developer/toolchains/gnu_arm/4.8_2013q4/bin/../lib/gcc/arm-none-eabi/4.8.3/../../../../arm-none-eabi/lib/armv7-m\libc_s.a(lib_a-nano-freer.o)
[...]
Memory Configuration

Name             Origin             Length             Attributes
FLASH            0x00003000         0x00080000         xr
RAM              0x20000000         0x00020000         xrw
*default*        0x00000000         0xffffffff

Linker script and memory map

LOAD c:/memo/siliconlabs/simplicitystudio/v3/developer/toolchains/gnu_arm/4.8_2013q4/bin/../lib/gcc/arm-none-eabi/4.8.3/armv7-m/crti.o
LOAD c:/memo/siliconlabs/simplicitystudio/v3/developer/toolchains/gnu_arm/4.8_2013q4/bin/../lib/gcc/arm-none-eabi/4.8.3/armv7-m/crtbegin.o
LOAD c:/memo/siliconlabs/simplicitystudio/v3/developer/toolchains/gnu_arm/4.8_2013q4/bin/../lib/gcc/arm-none-eabi/4.8.3/../../../../arm-none-eabi/lib/armv7-m/crt0.o
LOAD ./task/src/init.o
LOAD ./task/src/mytask.o
LOAD ./src/EFM32GG280.o
LOAD ./src/sysdef.o
LOAD ./rf/src/radio_hal.o
LOAD ./rf/src/rf_spi.o
LOAD ./rf/src/si446x_api_lib.o
LOAD ./rf/src/si446x_nirq.o
LOAD ./protocol/icp/src/icp_app.o
LOAD ./protocol/icp/src/icp_parse.o
LOAD ./protocol/icp/src/icp_process.o
LOAD ./protocol/esam/src/esam_app.o
LOAD ./protocol/esam/src/esam_parse.o
LOAD ./protocol/esam/src/esam_process.o
LOAD ./protocol/ecp/src/ecp_app.o
LOAD ./protocol/ecp/src/ecp_parse.o
LOAD ./protocol/ecp/src/ecp_process.o
LOAD ./mid/src/database.o
LOAD ./mid/src/datacache.o
LOAD ./mid/src/fault_algorithm.o
LOAD ./mid/src/flashstorage.o
LOAD ./mid/src/mid.o
LOAD ./mid/src/print.o
LOAD ./mid/src/systime.o
LOAD ./mid/src/unixtime.o
LOAD ./hal/src/hal_adc.o
LOAD ./hal/src/hal_aes.o
LOAD ./hal/src/hal_cmu.o
LOAD ./hal/src/hal_dma.o
LOAD ./hal/src/hal_emu.o
LOAD ./hal/src/hal_esam.o
LOAD ./hal/src/hal_gpio.o
LOAD ./hal/src/hal_gps.o
LOAD ./hal/src/hal_i2c.o
LOAD ./hal/src/hal_math.o
LOAD ./hal/src/hal_msc.o
LOAD ./hal/src/hal_mx25.o
LOAD ./hal/src/hal_r8025t.o
LOAD ./hal/src/hal_rtc.o
LOAD ./hal/src/hal_timer.o
LOAD ./hal/src/hal_usart.o
LOAD ./hal/src/hal_wdog.o
LOAD ./emlib/em_adc.o
LOAD ./emlib/em_aes.o
LOAD ./emlib/em_cmu.o
LOAD ./emlib/em_dma.o
LOAD ./emlib/em_emu.o
LOAD ./emlib/em_gpio.o
LOAD ./emlib/em_i2c.o
LOAD ./emlib/em_int.o
LOAD ./emlib/em_letimer.o
LOAD ./emlib/em_leuart.o
LOAD ./emlib/em_msc.o
LOAD ./emlib/em_rmu.o
LOAD ./emlib/em_rtc.o
LOAD ./emlib/em_system.o
LOAD ./emlib/em_timer.o
LOAD ./emlib/em_usart.o
LOAD ./emlib/em_wdog.o
LOAD ./FREERTOS/heap_1.o
LOAD ./FREERTOS/list.o
LOAD ./FREERTOS/port.o
LOAD ./FREERTOS/queue.o
LOAD ./FREERTOS/tasks.o
LOAD ./FREERTOS/timers.o
LOAD ./CMSIS/efm32gg/startup_gcc_efm32gg.o
LOAD ./CMSIS/efm32gg/system_efm32gg.o
LOAD c:/memo/siliconlabs/simplicitystudio/v3/developer/toolchains/gnu_arm/4.8_2013q4/bin/../lib/gcc/arm-none-eabi/4.8.3/../../../../arm-none-eabi/lib/armv7-m\libm.a
START GROUP
LOAD c:/memo/siliconlabs/simplicitystudio/v3/developer/toolchains/gnu_arm/4.8_2013q4/bin/../lib/gcc/arm-none-eabi/4.8.3/armv7-m\libgcc.a
LOAD c:/memo/siliconlabs/simplicitystudio/v3/developer/toolchains/gnu_arm/4.8_2013q4/bin/../lib/gcc/arm-none-eabi/4.8.3/../../../../arm-none-eabi/lib/armv7-m\libc_s.a
LOAD c:/memo/siliconlabs/simplicitystudio/v3/developer/toolchains/gnu_arm/4.8_2013q4/bin/../lib/gcc/arm-none-eabi/4.8.3/../../../../arm-none-eabi/lib/armv7-m\libnosys.a
END GROUP
START GROUP
LOAD c:/memo/siliconlabs/simplicitystudio/v3/developer/toolchains/gnu_arm/4.8_2013q4/bin/../lib/gcc/arm-none-eabi/4.8.3/armv7-m\libgcc.a
LOAD c:/memo/siliconlabs/simplicitystudio/v3/developer/toolchains/gnu_arm/4.8_2013q4/bin/../lib/gcc/arm-none-eabi/4.8.3/../../../../arm-none-eabi/lib/armv7-m\libg_s.a
LOAD c:/memo/siliconlabs/simplicitystudio/v3/developer/toolchains/gnu_arm/4.8_2013q4/bin/../lib/gcc/arm-none-eabi/4.8.3/../../../../arm-none-eabi/lib/armv7-m\libc_s.a
END GROUP
START GROUP
LOAD c:/memo/siliconlabs/simplicitystudio/v3/developer/toolchains/gnu_arm/4.8_2013q4/bin/../lib/gcc/arm-none-eabi/4.8.3/armv7-m\libgcc.a
LOAD c:/memo/siliconlabs/simplicitystudio/v3/developer/toolchains/gnu_arm/4.8_2013q4/bin/../lib/gcc/arm-none-eabi/4.8.3/../../../../arm-none-eabi/lib/armv7-m\libc_s.a
END GROUP
LOAD c:/memo/siliconlabs/simplicitystudio/v3/developer/toolchains/gnu_arm/4.8_2013q4/bin/../lib/gcc/arm-none-eabi/4.8.3/armv7-m/crtend.o
LOAD c:/memo/siliconlabs/simplicitystudio/v3/developer/toolchains/gnu_arm/4.8_2013q4/bin/../lib/gcc/arm-none-eabi/4.8.3/armv7-m/crtn.o

.text           0x00003000    0x1f520
 *(.vectors)
 .vectors       0x00003000       0xdc ./CMSIS/efm32gg/startup_gcc_efm32gg.o
                0x00003000                __Vectors
                0x000030dc                __Vectors_End = .
                0x000000dc                __Vectors_Size = (__Vectors_End - __Vectors)
                0x000030dc                __end__ = .
 *(.text*)
 .text          0x000030dc       0x54 c:/memo/siliconlabs/simplicitystudio/v3/developer/toolchains/gnu_arm/4.8_2013q4/bin/../lib/gcc/arm-none-eabi/4.8.3/armv7-m/crtbegin.o
 .text          0x00003130       0x74 c:/memo/siliconlabs/simplicitystudio/v3/developer/toolchains/gnu_arm/4.8_2013q4/bin/../lib/gcc/arm-none-eabi/4.8.3/../../../../arm-none-eabi/lib/armv7-m/crt0.o
                0x00003130                _start
                0x00003130                _mainCRTStartup
 .text.CHIP_Init
                0x000031a4       0x40 ./task/src/init.o
 .text.BSP_Init
                0x000031e4       0x80 ./task/src/init.o
                0x000031e4                BSP_Init
 .text.APP_Init
                0x00003264       0xb4 ./task/src/init.o
                0x00003264                APP_Init
 .text.DataFile_Init
                0x00003318       0x10 ./task/src/init.o
                0x00003318                DataFile_Init
 .text.Mcu_Reset_Record
                0x00003328       0xbc ./task/src/init.o
                0x00003328                Mcu_Reset_Record
 .text.Sys_Status_Report
                0x000033e4       0x28 ./task/src/init.o
                0x000033e4                Sys_Status_Report
 .text.SysFlag_PrintOut
                0x0000340c      0x17c ./task/src/init.o
                0x0000340c                SysFlag_PrintOut
 .text.Gps_Timing_Process
                0x00003588       0x60 ./task/src/init.o
                0x00003588                Gps_Timing_Process
 .text.Run_Led_Toggle
                0x000035e8       0x30 ./task/src/init.o
                0x000035e8                Run_Led_Toggle
 .text.Run_Led_Set
                0x00003618        0xc ./task/src/init.o
                0x00003618                Run_Led_Set
 .text.MX25_CHIP_ALL_ERASE
                0x00003624       0x30 ./task/src/init.o
                0x00003624                MX25_CHIP_ALL_ERASE
 .text.Default_Handler
                0x00003654        0xc ./task/src/init.o
                0x00003654                Default_Handler
 .text.ADC_Start
                0x00003660       0x1c ./task/src/mytask.o
 .text.Test_Task
                0x0000367c       0x5c ./task/src/mytask.o
                0x0000367c                Test_Task
 .text.Power_Monitor
                0x000036d8      0x2c8 ./task/src/mytask.o
                0x000036d8                Power_Monitor
 .text.Icp_Protocol_Comm
                0x000039a0       0x7c ./task/src/mytask.o
                0x000039a0                Icp_Protocol_Comm
 .text.Ecp_Protocol_Comm
                0x00003a1c       0x58 ./task/src/mytask.o
                0x00003a1c                Ecp_Protocol_Comm
 .text.Call_Wave
                0x00003a74       0x50 ./task/src/mytask.o
                0x00003a74                Call_Wave
 .text.Data_Report
                0x00003ac4       0x64 ./task/src/mytask.o
                0x00003ac4                Data_Report
 .text.Data_Send_Reply
                0x00003b28       0x4c ./task/src/mytask.o
                0x00003b28                Data_Send_Reply
 .text.Ecp_File_Report
                0x00003b74       0x4c ./task/src/mytask.o
                0x00003b74                Ecp_File_Report
 .text.vApplicationIdleHook
                0x00003bc0       0x14 ./task/src/mytask.o
                0x00003bc0                vApplicationIdleHook
 .text.vApplicationStackOverflowHook
                0x00003bd4       0x30 ./task/src/mytask.o
                0x00003bd4                vApplicationStackOverflowHook
 .text.main     0x00003c04      0x114 ./src/EFM32GG280.o
                0x00003c04                main
 .text.BUS_RegBitRead
                0x00003d18       0x2c ./rf/src/radio_hal.o
 .text.GPIO_PinInGet
                0x00003d44       0x54 ./rf/src/radio_hal.o
 .text.GPIO_PinOutClear
                0x00003d98       0x58 ./rf/src/radio_hal.o
 .text.GPIO_PinOutSet
                0x00003df0       0x58 ./rf/src/radio_hal.o
 .text.Radio_PowerUp
                0x00003e48       0x28 ./rf/src/radio_hal.o
                0x00003e48                Radio_PowerUp
 .text.Radio_Init
                0x00003e70       0x50 ./rf/src/radio_hal.o
                0x00003e70                Radio_Init
 .text.Radio_StartRx
                0x00003ec0       0x40 ./rf/src/radio_hal.o
                0x00003ec0                Radio_StartRx
 .text.Radio_StartTx
                0x00003f00       0x54 ./rf/src/radio_hal.o
                0x00003f00                Radio_StartTx
 .text.Radio_Set_Preamble
                0x00003f54       0x1c ./rf/src/radio_hal.o
                0x00003f54                Radio_Set_Preamble
 .text.Radio_TFAERFAF_Enable
                0x00003f70       0x58 ./rf/src/radio_hal.o
                0x00003f70                Radio_TFAERFAF_Enable
 .text.Radio_Change_Syncword
                0x00003fc8       0x30 ./rf/src/radio_hal.o
                0x00003fc8                Radio_Change_Syncword
 .text.radio_comm_GetResp
                0x00003ff8       0x78 ./rf/src/radio_hal.o
                0x00003ff8                radio_comm_GetResp
 .text.radio_comm_SendCmd
                0x00004070       0x4c ./rf/src/radio_hal.o
                0x00004070                radio_comm_SendCmd
 .text.radio_comm_ReadData
                0x000040bc       0x54 ./rf/src/radio_hal.o
                0x000040bc                radio_comm_ReadData
 .text.radio_comm_WriteData
                0x00004110       0x54 ./rf/src/radio_hal.o
                0x00004110                radio_comm_WriteData
 .text.radio_comm_PollCTS
                0x00004164       0x14 ./rf/src/radio_hal.o
                0x00004164                radio_comm_PollCTS
 .text.radio_comm_ClearCTS
                0x00004178       0x18 ./rf/src/radio_hal.o
                0x00004178                radio_comm_ClearCTS
 .text.radio_comm_SendCmdGetResp
                0x00004190       0x30 ./rf/src/radio_hal.o
                0x00004190                radio_comm_SendCmdGetResp
 .text.radio_hal_AssertShutdown
                0x000041c0       0x10 ./rf/src/radio_hal.o
                0x000041c0                radio_hal_AssertShutdown
 .text.radio_hal_DeassertShutdown
                0x000041d0       0x10 ./rf/src/radio_hal.o
                0x000041d0                radio_hal_DeassertShutdown
 .text.radio_hal_ClearNsel
                0x000041e0       0x10 ./rf/src/radio_hal.o
                0x000041e0                radio_hal_ClearNsel
 .text.radio_hal_SetNsel
                0x000041f0       0x10 ./rf/src/radio_hal.o
                0x000041f0                radio_hal_SetNsel
 .text.radio_hal_NirqLevel
                0x00004200       0x14 ./rf/src/radio_hal.o
                0x00004200                radio_hal_NirqLevel
 .text.radio_hal_SpiWriteByte
                0x00004214       0x18 ./rf/src/radio_hal.o
                0x00004214                radio_hal_SpiWriteByte
 .text.radio_hal_SpiReadByte
                0x0000422c       0x10 ./rf/src/radio_hal.o
                0x0000422c                radio_hal_SpiReadByte
 .text.radio_hal_SpiWriteData
                0x0000423c       0x1c ./rf/src/radio_hal.o
                0x0000423c                radio_hal_SpiWriteData
 .text.radio_hal_SpiReadData
                0x00004258       0x1c ./rf/src/radio_hal.o
                0x00004258                radio_hal_SpiReadData
 .text.NVIC_EnableIRQ
                0x00004274       0x30 ./rf/src/rf_spi.o
 .text.GPIO_IntConfig
                0x000042a4       0x2c ./rf/src/rf_spi.o
 .text.Spi_Init
                0x000042d0       0xb0 ./rf/src/rf_spi.o
                0x000042d0                Spi_Init
 .text.Spi_ReadWrite
                0x00004380       0x34 ./rf/src/rf_spi.o
                0x00004380                Spi_ReadWrite
 .text.Spi_WriteDataBurst
                0x000043b4       0x2c ./rf/src/rf_spi.o
                0x000043b4                Spi_WriteDataBurst
 .text.Spi_ReadDataBurst
                0x000043e0       0x30 ./rf/src/rf_spi.o
                0x000043e0                Spi_ReadDataBurst
 .text.si446x_reset
                0x00004410       0x40 ./rf/src/si446x_api_lib.o
                0x00004410                si446x_reset
 .text.si446x_configuration_init
                0x00004450       0xa0 ./rf/src/si446x_api_lib.o
                0x00004450                si446x_configuration_init
 .text.si446x_start_tx
                0x000044f0       0x50 ./rf/src/si446x_api_lib.o
                0x000044f0                si446x_start_tx
 .text.si446x_start_rx
                0x00004540       0x58 ./rf/src/si446x_api_lib.o
                0x00004540                si446x_start_rx
 .text.si446x_get_int_status
                0x00004598       0x84 ./rf/src/si446x_api_lib.o
                0x00004598                si446x_get_int_status
 .text.si446x_set_property
                0x0000461c       0x70 ./rf/src/si446x_api_lib.o
                0x0000461c                si446x_set_property
 .text.si446x_change_state
                0x0000468c       0x28 ./rf/src/si446x_api_lib.o
                0x0000468c                si446x_change_state
 .text.si446x_fifo_info
                0x000046b4       0x40 ./rf/src/si446x_api_lib.o
                0x000046b4                si446x_fifo_info
 .text.si446x_write_tx_fifo
                0x000046f4       0x20 ./rf/src/si446x_api_lib.o
                0x000046f4                si446x_write_tx_fifo
 .text.si446x_read_rx_fifo
                0x00004714       0x20 ./rf/src/si446x_api_lib.o
                0x00004714                si446x_read_rx_fifo
 .text.Icp_PduType_Process
                0x00004734      0x174 ./protocol/icp/src/icp_app.o
                0x00004734                Icp_PduType_Process
 .text.App_Timestamp_Process
                0x000048a8      0x184 ./protocol/icp/src/icp_app.o
                0x000048a8                App_Timestamp_Process
 .text.App_Yc_Process
                0x00004a2c      0x270 ./protocol/icp/src/icp_app.o
                0x00004a2c                App_Yc_Process
 .text.App_Soe_Yx_Process
                0x00004c9c      0x240 ./protocol/icp/src/icp_app.o
                0x00004c9c                App_Soe_Yx_Process
 .text.App_Wave_Process
                0x00004edc      0x354 ./protocol/icp/src/icp_app.o
                0x00004edc                App_Wave_Process
 .text.App_Para_Process
                0x00005230      0x2fc ./protocol/icp/src/icp_app.o
                0x00005230                App_Para_Process
 .text.App_Program_Process
                0x0000552c      0x284 ./protocol/icp/src/icp_app.o
                0x0000552c                App_Program_Process
 .text.App_Faultwrg_Process
                0x000057b0       0x34 ./protocol/icp/src/icp_app.o
                0x000057b0                App_Faultwrg_Process
 .text.App_Led_Process
                0x000057e4       0x14 ./protocol/icp/src/icp_app.o
                0x000057e4                App_Led_Process
 .text.App_WakeUp_Process
                0x000057f8       0x34 ./protocol/icp/src/icp_app.o
                0x000057f8                App_WakeUp_Process
 .text.App_Reset_Process
                0x0000582c       0xa0 ./protocol/icp/src/icp_app.o
                0x0000582c                App_Reset_Process
 .text.App_WorkMode_Process
                0x000058cc      0x1c8 ./protocol/icp/src/icp_app.o
                0x000058cc                App_WorkMode_Process
 .text.Modify_Au_WorkMode
                0x00005a94      0x1f8 ./protocol/icp/src/icp_app.o
                0x00005a94                Modify_Au_WorkMode
 .text.Au_Online_Process
                0x00005c8c       0xd0 ./protocol/icp/src/icp_app.o
                0x00005c8c                Au_Online_Process
 .text.Au_Offline_Process
                0x00005d5c       0xd8 ./protocol/icp/src/icp_app.o
                0x00005d5c                Au_Offline_Process
 .text.Au_Timing_Process
                0x00005e34      0x1f4 ./protocol/icp/src/icp_app.o
                0x00005e34                Au_Timing_Process
 .text.Cu_Call_Wave
                0x00006028      0x15c ./protocol/icp/src/icp_app.o
                0x00006028                Cu_Call_Wave
 .text.ShortCircuit_Fault_Process
                0x00006184      0x148 ./protocol/icp/src/icp_app.o
                0x00006184                ShortCircuit_Fault_Process
 .text.Trigger_Start_Call_Wave
                0x000062cc      0x190 ./protocol/icp/src/icp_app.o
                0x000062cc                Trigger_Start_Call_Wave
 .text.Au_Timing_Frame
                0x0000645c       0xb0 ./protocol/icp/src/icp_app.o
                0x0000645c                Au_Timing_Frame
 .text.Au_WakeUp_Frame
                0x0000650c       0xe0 ./protocol/icp/src/icp_app.o
                0x0000650c                Au_WakeUp_Frame
 .text.Wave_Cfg_File_Init
                0x000065ec      0x4f8 ./protocol/icp/src/icp_app.o
                0x000065ec                Wave_Cfg_File_Init
 .text.UnixTime2StringTime
                0x00006ae4      0x284 ./protocol/icp/src/icp_app.o
                0x00006ae4                UnixTime2StringTime
 .text.DEBUG_ERASE_MX25
                0x00006d68       0x6c ./protocol/icp/src/icp_app.o
                0x00006d68                DEBUG_ERASE_MX25
 .text.DEBUG_READ_LOG
                0x00006dd4       0xa8 ./protocol/icp/src/icp_app.o
                0x00006dd4                DEBUG_READ_LOG
 .text.DEBUG_ECP_READ_LOG
                0x00006e7c      0x168 ./protocol/icp/src/icp_app.o
                0x00006e7c                DEBUG_ECP_READ_LOG
 .text.DEBUG_PRINT_LOG
                0x00006fe4      0x110 ./protocol/icp/src/icp_app.o
                0x00006fe4                DEBUG_PRINT_LOG
 .text.DEBUG_READ_SOE
                0x000070f4       0xb0 ./protocol/icp/src/icp_app.o
                0x000070f4                DEBUG_READ_SOE
 .text.DEBUG_ECP_READ_SOE
                0x000071a4      0x168 ./protocol/icp/src/icp_app.o
                0x000071a4                DEBUG_ECP_READ_SOE
 .text.DEBUG_PRINT_SOE
                0x0000730c      0x730 ./protocol/icp/src/icp_app.o
                0x0000730c                DEBUG_PRINT_SOE
 .text.DEBUG_READ_YC
                0x00007a3c       0x78 ./protocol/icp/src/icp_app.o
                0x00007a3c                DEBUG_READ_YC
 .text.DEBUG_ECP_READ_YC
                0x00007ab4       0xd8 ./protocol/icp/src/icp_app.o
                0x00007ab4                DEBUG_ECP_READ_YC
 .text.DEBUG_PRINT_YC_DATA
                0x00007b8c       0xd8 ./protocol/icp/src/icp_app.o
                0x00007b8c                DEBUG_PRINT_YC_DATA
 .text.DEBUG_PRINT_YC_FILE
                0x00007c64      0x250 ./protocol/icp/src/icp_app.o
                0x00007c64                DEBUG_PRINT_YC_FILE
 .text.DEBUG_READ_FAULT
                0x00007eb4       0xac ./protocol/icp/src/icp_app.o
                0x00007eb4                DEBUG_READ_FAULT
 .text.DEBUG_ECP_READ_FAULT
                0x00007f60      0x168 ./protocol/icp/src/icp_app.o
                0x00007f60                DEBUG_ECP_READ_FAULT
 .text.DEBUG_PRINT_FAULT
                0x000080c8       0xe0 ./protocol/icp/src/icp_app.o
                0x000080c8                DEBUG_PRINT_FAULT
 .text.DEBUG_READ_YK
                0x000081a8       0xa8 ./protocol/icp/src/icp_app.o
                0x000081a8                DEBUG_READ_YK
 .text.DEBUG_ECP_READ_YK
                0x00008250      0x168 ./protocol/icp/src/icp_app.o
                0x00008250                DEBUG_ECP_READ_YK
 .text.DEBUG_PRINT_YK
                0x000083b8      0x110 ./protocol/icp/src/icp_app.o
                0x000083b8                DEBUG_PRINT_YK
 .text.DEBUG_READ_WAVE
                0x000084c8       0x84 ./protocol/icp/src/icp_app.o
                0x000084c8                DEBUG_READ_WAVE
 .text.DEBUG_ECP_READ_WAVE
                0x0000854c       0xe8 ./protocol/icp/src/icp_app.o
                0x0000854c                DEBUG_ECP_READ_WAVE
 .text.DEBUG_PRINT_WAVE
                0x00008634      0x1fc ./protocol/icp/src/icp_app.o
                0x00008634                DEBUG_PRINT_WAVE
 .text.DEBUG_READ_NOWTIME
                0x00008830       0xe4 ./protocol/icp/src/icp_app.o
                0x00008830                DEBUG_READ_NOWTIME
 .text.DEBUG_ERASE_PARABLOCK
                0x00008914       0x50 ./protocol/icp/src/icp_app.o
                0x00008914                DEBUG_ERASE_PARABLOCK
 .text.DEBUG_ECP_START_WAVE
                0x00008964       0x28 ./protocol/icp/src/icp_app.o
                0x00008964                DEBUG_ECP_START_WAVE
 .text.Icp_Parse
                0x0000898c      0x128 ./protocol/icp/src/icp_parse.o
                0x0000898c                Icp_Parse
 .text.Check_Icp_Cs
                0x00008ab4       0x40 ./protocol/icp/src/icp_parse.o
                0x00008ab4                Check_Icp_Cs
 .text.Icp_Process
                0x00008af4       0x70 ./protocol/icp/src/icp_process.o
                0x00008af4                Icp_Process
 .text.Icp_Prmsec_Process
                0x00008b64       0x54 ./protocol/icp/src/icp_process.o
                0x00008b64                Icp_Prmsec_Process
 .text.Icp_Prmpri_Process
                0x00008bb8       0x40 ./protocol/icp/src/icp_process.o
                0x00008bb8                Icp_Prmpri_Process
 .text.Icp_Fccon_Process
                0x00008bf8       0x14 ./protocol/icp/src/icp_process.o
                0x00008bf8                Icp_Fccon_Process
 .text.Icp_Fcnocon_Process
                0x00008c0c       0x14 ./protocol/icp/src/icp_process.o
                0x00008c0c                Icp_Fcnocon_Process
 .text.Icp_Fcresdata_Process
                0x00008c20       0x14 ./protocol/icp/src/icp_process.o
                0x00008c20                Icp_Fcresdata_Process
 .text.Icp_Fcnodata_Process
                0x00008c34       0x14 ./protocol/icp/src/icp_process.o
                0x00008c34                Icp_Fcnodata_Process
 .text.Icp_Fcresetuse_Process
                0x00008c48       0x14 ./protocol/icp/src/icp_process.o
                0x00008c48                Icp_Fcresetuse_Process
 .text.Icp_Fcsenddata_Process
                0x00008c5c       0x14 ./protocol/icp/src/icp_process.o
                0x00008c5c                Icp_Fcsenddata_Process
 .text.Icp_Fcrequestd_Process
                0x00008c70       0x14 ./protocol/icp/src/icp_process.o
                0x00008c70                Icp_Fcrequestd_Process
 .text.Fill_Icp_Frame
                0x00008c84      0x214 ./protocol/icp/src/icp_process.o
                0x00008c84                Fill_Icp_Frame
 .text.Get_Empty_IcpFrame
                0x00008e98       0x60 ./protocol/icp/src/icp_process.o
                0x00008e98                Get_Empty_IcpFrame
 .text.Is_Valid_Icp_Address
                0x00008ef8      0x100 ./protocol/icp/src/icp_process.o
                0x00008ef8                Is_Valid_Icp_Address
 .text.App_Send_Data
                0x00008ff8      0x3fc ./protocol/ecp/src/ecp_app.o
                0x00008ff8                App_Send_Data
 .text.App_Send_AllCall
                0x000093f4      0x380 ./protocol/ecp/src/ecp_app.o
                0x000093f4                App_Send_AllCall
 .text.App_Remote_Control
                0x00009774      0x684 ./protocol/ecp/src/ecp_app.o
                0x00009774                App_Remote_Control
 .text.App_Protocol_Timing
                0x00009df8      0x21c ./protocol/ecp/src/ecp_app.o
                0x00009df8                App_Protocol_Timing
 .text.App_Send_Test_Link
                0x0000a014      0x128 ./protocol/ecp/src/ecp_app.o
                0x0000a014                App_Send_Test_Link
 .text.App_Reset_Zizhan_Process
                0x0000a13c      0x104 ./protocol/ecp/src/ecp_app.o
                0x0000a13c                App_Reset_Zizhan_Process
 .text.App_Get_Delay
                0x0000a240      0x17c ./protocol/ecp/src/ecp_app.o
                0x0000a240                App_Get_Delay
 .text.App_Call_DirFile
                0x0000a3bc       0x30 ./protocol/ecp/src/ecp_app.o
                0x0000a3bc                App_Call_DirFile
 .text.App_Call_Dir
                0x0000a3ec      0x1e0 ./protocol/ecp/src/ecp_app.o
                0x0000a3ec                App_Call_Dir
 .text.App_Call_2017Dir
                0x0000a5cc      0x1e0 ./protocol/ecp/src/ecp_app.o
                0x0000a5cc                App_Call_2017Dir
 .text.App_Call_File
                0x0000a7ac       0xfc ./protocol/ecp/src/ecp_app.o
                0x0000a7ac                App_Call_File
 .text.App_File_Ready
                0x0000a8a8      0x190 ./protocol/ecp/src/ecp_app.o
                0x0000a8a8                App_File_Ready
 .text.App_Request_File
                0x0000aa38       0x50 ./protocol/ecp/src/ecp_app.o
                0x0000aa38                App_Request_File
 .text.App_Call_FileDir
                0x0000aa88       0x24 ./protocol/ecp/src/ecp_app.o
                0x0000aa88                App_Call_FileDir
 .text.App_Section_Ready
                0x0000aaac      0x1b4 ./protocol/ecp/src/ecp_app.o
                0x0000aaac                App_Section_Ready
 .text.App_Send_FileEnd
                0x0000ac60       0x4c ./protocol/ecp/src/ecp_app.o
                0x0000ac60                App_Send_FileEnd
 .text.App_Read_Fixed_Area
                0x0000acac      0x120 ./protocol/ecp/src/ecp_app.o
                0x0000acac                App_Read_Fixed_Area
 .text.App_Switch_Fixed_Area
                0x0000adcc       0xf8 ./protocol/ecp/src/ecp_app.o
                0x0000adcc                App_Switch_Fixed_Area
 .text.App_Send_Last_Section
                0x0000aec4      0x188 ./protocol/ecp/src/ecp_app.o
                0x0000aec4                App_Send_Last_Section
 .text.App_Send_Segment
                0x0000b04c      0x278 ./protocol/ecp/src/ecp_app.o
                0x0000b04c                App_Send_Segment
 .text.App_Send_FileHead
                0x0000b2c4     0x18d8 ./protocol/ecp/src/ecp_app.o
                0x0000b2c4                App_Send_FileHead
 .text.App_Get_Segment
                0x0000cb9c      0xc78 ./protocol/ecp/src/ecp_app.o
                0x0000cb9c                App_Get_Segment
 .text.App_Send_Last_Segment
                0x0000d814      0x190 ./protocol/ecp/src/ecp_app.o
                0x0000d814                App_Send_Last_Segment
 .text.App_Set_Para
                0x0000d9a4      0x5e0 ./protocol/ecp/src/ecp_app.o
                0x0000d9a4                App_Set_Para
 .text.App_Read_Data
                0x0000df84      0x21c ./protocol/ecp/src/ecp_app.o
                0x0000df84                App_Read_Data
 .text.App_Read_MultiPara
                0x0000e1a0      0x368 ./protocol/ecp/src/ecp_app.o
                0x0000e1a0                App_Read_MultiPara
 .text.App_Read_Safe_Info
                0x0000e508      0x148 ./protocol/ecp/src/ecp_app.o
                0x0000e508                App_Read_Safe_Info
 .text.App_Authentication
                0x0000e650      0x1f4 ./protocol/ecp/src/ecp_app.o
                0x0000e650                App_Authentication
 .text.App_Public_Key_Verification
                0x0000e844      0x1f4 ./protocol/ecp/src/ecp_app.o
                0x0000e844                App_Public_Key_Verification
 .text.App_Public_Key_Update
                0x0000ea38      0x1f4 ./protocol/ecp/src/ecp_app.o
                0x0000ea38                App_Public_Key_Update
 .text.App_Symmetric_key_Update
                0x0000ec2c      0x228 ./protocol/ecp/src/ecp_app.o
                0x0000ec2c                App_Symmetric_key_Update
 .text.App_Key_Consult
                0x0000ee54      0x1f4 ./protocol/ecp/src/ecp_app.o
                0x0000ee54                App_Key_Consult
 .text.App_Get_Random
                0x0000f048      0x1c4 ./protocol/ecp/src/ecp_app.o
                0x0000f048                App_Get_Random
 .text.Locate_File_Info
                0x0000f20c      0x138 ./protocol/ecp/src/ecp_app.o
                0x0000f20c                Locate_File_Info
 .text.Get_AllCall_Yx
                0x0000f344      0x13c ./protocol/ecp/src/ecp_app.o
                0x0000f344                Get_AllCall_Yx
 .text.Get_AllCall_Yc
                0x0000f480      0x1b8 ./protocol/ecp/src/ecp_app.o
                0x0000f480                Get_AllCall_Yc
 .text.Ecp_File_Send
                0x0000f638       0x9c ./protocol/ecp/src/ecp_app.o
                0x0000f638                Ecp_File_Send
 .text.App_Send_Reply
                0x0000f6d4      0x2a0 ./protocol/ecp/src/ecp_app.o
                0x0000f6d4                App_Send_Reply
 .text.Ecp_Yc_Timing_Report
                0x0000f974      0x19c ./protocol/ecp/src/ecp_app.o
                0x0000f974                Ecp_Yc_Timing_Report
 .text.Yc_Sudden_Report
                0x0000fb10      0x18c ./protocol/ecp/src/ecp_app.o
                0x0000fb10                Yc_Sudden_Report
 .text.Ecp_Get_MultiPara
                0x0000fc9c      0x198 ./protocol/ecp/src/ecp_app.o
                0x0000fc9c                Ecp_Get_MultiPara
 .text.Search_MultiPara_Pos
                0x0000fe34       0xb4 ./protocol/ecp/src/ecp_app.o
                0x0000fe34                Search_MultiPara_Pos
 .text.Ecp_Parse
                0x0000fee8      0x1e8 ./protocol/ecp/src/ecp_parse.o
                0x0000fee8                Ecp_Parse
 .text.Check_Ecp_Cs
                0x000100d0       0x40 ./protocol/ecp/src/ecp_parse.o
                0x000100d0                Check_Ecp_Cs
 .text.Ecp_Process
                0x00010110      0x1ac ./protocol/ecp/src/ecp_process.o
                0x00010110                Ecp_Process
 .text.App_Send_Ack
                0x000102bc       0x54 ./protocol/ecp/src/ecp_process.o
                0x000102bc                App_Send_Ack
 .text.App_Send_NoAck
                0x00010310       0x54 ./protocol/ecp/src/ecp_process.o
                0x00010310                App_Send_NoAck
 .text.App_Send_Linkstate
                0x00010364       0x54 ./protocol/ecp/src/ecp_process.o
                0x00010364                App_Send_Linkstate
 .text.App_Reset_Link
                0x000103b8       0xb8 ./protocol/ecp/src/ecp_process.o
                0x000103b8                App_Reset_Link
 .text.App_Reset_Master_Link
                0x00010470       0x58 ./protocol/ecp/src/ecp_process.o
                0x00010470                App_Reset_Master_Link
 .text.App_Init_End
                0x000104c8      0x108 ./protocol/ecp/src/ecp_process.o
                0x000104c8                App_Init_End
 .text.Check_Ecp_Rtu
                0x000105d0       0x84 ./protocol/ecp/src/ecp_process.o
                0x000105d0                Check_Ecp_Rtu
 .text.Is_Sys_Full
                0x00010654       0x10 ./protocol/ecp/src/ecp_process.o
                0x00010654                Is_Sys_Full
 .text.Get_Empty_ResFrame
                0x00010664      0x110 ./protocol/ecp/src/ecp_process.o
                0x00010664                Get_Empty_ResFrame
 .text.Req_Empty_ResFrame
                0x00010774       0x4c ./protocol/ecp/src/ecp_process.o
                0x00010774                Req_Empty_ResFrame
 .text.Fill_Ecp_Frame
                0x000107c0      0x51c ./protocol/ecp/src/ecp_process.o
                0x000107c0                Fill_Ecp_Frame
 .text.Fill_Ecp_DataCache
                0x00010cdc      0x140 ./protocol/ecp/src/ecp_process.o
                0x00010cdc                Fill_Ecp_DataCache
 .text.Ecp_Fcb_Flip
                0x00010e1c      0x1e4 ./protocol/ecp/src/ecp_process.o
                0x00010e1c                Ecp_Fcb_Flip
 .text.Add_P101SoeQueue
                0x00011000       0x6c ./protocol/ecp/src/ecp_process.o
                0x00011000                Add_P101SoeQueue
 .text.Get_P101SoeQueue
                0x0001106c       0x40 ./protocol/ecp/src/ecp_process.o
                0x0001106c                Get_P101SoeQueue
 .text.App_Send_P101SoeQueue
                0x000110ac      0x1a4 ./protocol/ecp/src/ecp_process.o
                0x000110ac                App_Send_P101SoeQueue
 .text.Add_P101FaultQueue
                0x00011250       0x74 ./protocol/ecp/src/ecp_process.o
                0x00011250                Add_P101FaultQueue
 .text.YaoCeFile_Init
                0x000112c4      0x2f4 ./mid/src/database.o
                0x000112c4                YaoCeFile_Init
 .text.CreateDataCache
                0x000115b8       0x54 ./mid/src/datacache.o
                0x000115b8                CreateDataCache
 .text.ReadDataCache
                0x0001160c       0x88 ./mid/src/datacache.o
                0x0001160c                ReadDataCache
 .text.VirtualReadDataCache
                0x00011694       0x84 ./mid/src/datacache.o
                0x00011694                VirtualReadDataCache
 .text.WriteDataCache
                0x00011718       0x74 ./mid/src/datacache.o
                0x00011718                WriteDataCache
 .text.DataCacheLength
                0x0001178c       0x34 ./mid/src/datacache.o
                0x0001178c                DataCacheLength
 .text.FlashPara_Init
                0x000117c0       0xfc ./mid/src/flashstorage.o
                0x000117c0                FlashPara_Init
 .text.SysPara_Init
                0x000118bc      0x168 ./mid/src/flashstorage.o
                0x000118bc                SysPara_Init
 .text.EcpPara_Init
                0x00011a24      0x1c8 ./mid/src/flashstorage.o
                0x00011a24                EcpPara_Init
 .text.SysFlag_Init
                0x00011bec       0xac ./mid/src/flashstorage.o
                0x00011bec                SysFlag_Init
 .text.PointTable_Init
                0x00011c98      0x69c ./mid/src/flashstorage.o
                0x00011c98                PointTable_Init
 .text.Program_Storage
                0x00012334       0xb4 ./mid/src/flashstorage.o
                0x00012334                Program_Storage
 .text.Get_Program_Cs
                0x000123e8       0x64 ./mid/src/flashstorage.o
                0x000123e8                Get_Program_Cs
 .text.Locate_Log_Position
                0x0001244c       0xfc ./mid/src/flashstorage.o
                0x0001244c                Locate_Log_Position
 .text.Locate_Soe_Position
                0x00012548      0x104 ./mid/src/flashstorage.o
                0x00012548                Locate_Soe_Position
 .text.Locate_Yc_Position
                0x0001264c       0x90 ./mid/src/flashstorage.o
                0x0001264c                Locate_Yc_Position
 .text.Locate_Fault_Position
                0x000126dc       0xfc ./mid/src/flashstorage.o
                0x000126dc                Locate_Fault_Position
 .text.Locate_Yk_Position
                0x000127d8       0xf4 ./mid/src/flashstorage.o
                0x000127d8                Locate_Yk_Position
 .text.Locate_Wave_Position
                0x000128cc       0x90 ./mid/src/flashstorage.o
                0x000128cc                Locate_Wave_Position
 .text.Log_Data_Record
                0x0001295c      0x45c ./mid/src/flashstorage.o
                0x0001295c                Log_Data_Record
 .text.Check_Log_Lens
                0x00012db8       0x34 ./mid/src/flashstorage.o
                0x00012db8                Check_Log_Lens
 .text.Soe_Data_Record
                0x00012dec      0x184 ./mid/src/flashstorage.o
                0x00012dec                Soe_Data_Record
 .text.Yc_Data_Record
                0x00012f70      0x1e8 ./mid/src/flashstorage.o
                0x00012f70                Yc_Data_Record
 .text.Fill_YaoCeFile
                0x00013158       0xdc ./mid/src/flashstorage.o
                0x00013158                Fill_YaoCeFile
 .text.Switch_YaoCeFile
                0x00013234       0x90 ./mid/src/flashstorage.o
                0x00013234                Switch_YaoCeFile
 .text.Yk_Data_Record
                0x000132c4      0x120 ./mid/src/flashstorage.o
                0x000132c4                Yk_Data_Record
 .text.Fault_Data_Record
                0x000133e4      0x13c ./mid/src/flashstorage.o
                0x000133e4                Fault_Data_Record
 .text.Wave_Data_Record
                0x00013520       0x34 ./mid/src/flashstorage.o
                0x00013520                Wave_Data_Record
 .text.Switch_NextWave_Position
                0x00013554      0x110 ./mid/src/flashstorage.o
                0x00013554                Switch_NextWave_Position
 .text.Locate_Log_FileInfo
                0x00013664      0x588 ./mid/src/flashstorage.o
                0x00013664                Locate_Log_FileInfo
 .text.Locate_Soe_FileInfo
                0x00013bec      0x368 ./mid/src/flashstorage.o
                0x00013bec                Locate_Soe_FileInfo
 .text.Locate_Yc_FileInfo
                0x00013f54      0x338 ./mid/src/flashstorage.o
                0x00013f54                Locate_Yc_FileInfo
 .text.Locate_Fault_FileInfo
                0x0001428c      0x35c ./mid/src/flashstorage.o
                0x0001428c                Locate_Fault_FileInfo
 .text.Locate_Yk_FileInfo
                0x000145e8      0x350 ./mid/src/flashstorage.o
                0x000145e8                Locate_Yk_FileInfo
 .text.Locate_Wave_FileInfo
                0x00014938      0x340 ./mid/src/flashstorage.o
                0x00014938                Locate_Wave_FileInfo
 .text.Get_Log_Data
                0x00014c78       0x58 ./mid/src/flashstorage.o
                0x00014c78                Get_Log_Data
 .text.Get_Soe_Data
                0x00014cd0       0x58 ./mid/src/flashstorage.o
                0x00014cd0                Get_Soe_Data
 .text.Get_Yk_Data
                0x00014d28       0x58 ./mid/src/flashstorage.o
                0x00014d28                Get_Yk_Data
 .text.Get_Yc_Data
                0x00014d80       0x20 ./mid/src/flashstorage.o
                0x00014d80                Get_Yc_Data
 .text.Get_Fault_Data
                0x00014da0       0x20 ./mid/src/flashstorage.o
                0x00014da0                Get_Fault_Data
 .text.Mx25_Data_Storage
                0x00014dc0       0x20 ./mid/src/flashstorage.o
                0x00014dc0                Mx25_Data_Storage
 .text.Get_U32_Hex
                0x00014de0      0x11c ./mid/src/flashstorage.o
                0x00014de0                Get_U32_Hex
 .text.Get_U32_Dec
                0x00014efc       0xa0 ./mid/src/flashstorage.o
                0x00014efc                Get_U32_Dec
 .text.Get_U32_Time
                0x00014f9c       0xf4 ./mid/src/flashstorage.o
                0x00014f9c                Get_U32_Time
 .text.Get_P101_Time
                0x00015090      0x22c ./mid/src/flashstorage.o
                0x00015090                Get_P101_Time
 .text.Print_Sys_Para
                0x000152bc      0x1f0 ./mid/src/flashstorage.o
                0x000152bc                Print_Sys_Para
 .text.DataCache_Init
                0x000154ac       0x4c ./mid/src/mid.o
                0x000154ac                DataCache_Init
 .text.Radio_Time_Slice
                0x000154f8      0x120 ./mid/src/mid.o
                0x000154f8                Radio_Time_Slice
 .text.Radio_Int_Process
                0x00015618      0x120 ./mid/src/mid.o
                0x00015618                Radio_Int_Process
 .text.Radio_StartTx_Data
                0x00015738       0x30 ./mid/src/mid.o
                0x00015738                Radio_StartTx_Data
 .text.Radio_ShortPkt_Tx
                0x00015768       0x3c ./mid/src/mid.o
                0x00015768                Radio_ShortPkt_Tx
 .text.Radio_WakeUp_StartTx
                0x000157a4       0x38 ./mid/src/mid.o
                0x000157a4                Radio_WakeUp_StartTx
 .text.WeiHu_Queue_Rx
                0x000157dc       0x2c ./mid/src/mid.o
                0x000157dc                WeiHu_Queue_Rx
 .text.WeiHu_StartTx
                0x00015808       0x54 ./mid/src/mid.o
                0x00015808                WeiHu_StartTx
 .text.WeiHu_ContinueTx
                0x0001585c       0x44 ./mid/src/mid.o
                0x0001585c                WeiHu_ContinueTx
 .text.Gps_Queue_Rx
                0x000158a0       0x40 ./mid/src/mid.o
                0x000158a0                Gps_Queue_Rx
 .text.Gprs_Queue_Rx
                0x000158e0       0x2c ./mid/src/mid.o
                0x000158e0                Gprs_Queue_Rx
 .text.Gprs_Queue_Tx
                0x0001590c       0x44 ./mid/src/mid.o
                0x0001590c                Gprs_Queue_Tx
 .text.Gprs_ContinueTx
                0x00015950       0x18 ./mid/src/mid.o
                0x00015950                Gprs_ContinueTx
 .text.DEBUG_PRINT
                0x00015968      0x158 ./mid/src/print.o
                0x00015968                DEBUG_PRINT
 .text.DEBUG_PRINT_NISR
                0x00015ac0      0x168 ./mid/src/print.o
                0x00015ac0                DEBUG_PRINT_NISR
 .text.DEBUG_PRINT_TIME
                0x00015c28      0x138 ./mid/src/print.o
                0x00015c28                DEBUG_PRINT_TIME
 .text.PRINT_U8
                0x00015d60       0x20 ./mid/src/print.o
                0x00015d60                PRINT_U8
 .text.PRINT_U8CHAR
                0x00015d80       0x8c ./mid/src/print.o
                0x00015d80                PRINT_U8CHAR
 .text.DEBUG_PRINT_U8_ARRAY
                0x00015e0c       0x40 ./mid/src/print.o
                0x00015e0c                DEBUG_PRINT_U8_ARRAY
 .text.DEBUG_PRINT_U8_ARRAY_NISR
                0x00015e4c       0x28 ./mid/src/print.o
                0x00015e4c                DEBUG_PRINT_U8_ARRAY_NISR
 .text.DEBUG_PRINT_U8CHAR_ARRAY
                0x00015e74       0x44 ./mid/src/print.o
                0x00015e74                DEBUG_PRINT_U8CHAR_ARRAY
 .text.DEBUG_PRINT_U8CHAR_ARRAY_NISR
                0x00015eb8       0x28 ./mid/src/print.o
                0x00015eb8                DEBUG_PRINT_U8CHAR_ARRAY_NISR
 .text.PRINT_U16
                0x00015ee0       0x38 ./mid/src/print.o
                0x00015ee0                PRINT_U16
 .text.PRINT_S16
                0x00015f18       0x54 ./mid/src/print.o
                0x00015f18                PRINT_S16
 .text.PRINT_U16DEC
                0x00015f6c       0xd4 ./mid/src/print.o
                0x00015f6c                PRINT_U16DEC
 .text.PRINT_U32CHAR
                0x00016040       0xd8 ./mid/src/print.o
                0x00016040                PRINT_U32CHAR
 .text.PRINT_U32DEC
                0x00016118       0xc8 ./mid/src/print.o
                0x00016118                PRINT_U32DEC
 .text.GPSTime2R8025TRTCTime
                0x000161e0       0x84 ./mid/src/systime.o
                0x000161e0                GPSTime2R8025TRTCTime
 .text.P101Time2R8025TRTCTime
                0x00016264       0xd0 ./mid/src/systime.o
                0x00016264                P101Time2R8025TRTCTime
 .text.R8025TRTCTime2UnixTime
                0x00016334       0x24 ./mid/src/systime.o
                0x00016334                R8025TRTCTime2UnixTime
 .text.UnixTime2P101Time
                0x00016358       0xa4 ./mid/src/systime.o
                0x00016358                UnixTime2P101Time
 .text.NowTime2P101Time
                0x000163fc       0x2c ./mid/src/systime.o
                0x000163fc                NowTime2P101Time
 .text.UTCTime2LocalTime
                0x00016428       0xd8 ./mid/src/systime.o
                0x00016428                UTCTime2LocalTime
 .text.Sys_Tick
                0x00016500       0x40 ./mid/src/systime.o
                0x00016500                Sys_Tick
 .text.Get_Sys_Time
                0x00016540       0x38 ./mid/src/systime.o
                0x00016540                Get_Sys_Time
 .text.Is_Valid_101Clock
                0x00016578      0x100 ./mid/src/systime.o
                0x00016578                Is_Valid_101Clock
 .text.UTCTime2UnixTime
                0x00016678      0x120 ./mid/src/unixtime.o
                0x00016678                UTCTime2UnixTime
 .text.LocalTime2UnixTime
                0x00016798      0x120 ./mid/src/unixtime.o
                0x00016798                LocalTime2UnixTime
 .text.UnixTime2LocalTime
                0x000168b8      0x248 ./mid/src/unixtime.o
                0x000168b8                UnixTime2LocalTime
 .text.YMD2WeekDay
                0x00016b00       0xf8 ./mid/src/unixtime.o
                0x00016b00                YMD2WeekDay
 .text.Hex2Bcd  0x00016bf8       0x30 ./mid/src/unixtime.o
                0x00016bf8                Hex2Bcd
 .text.Adc0_Init
                0x00016c28       0x9c ./hal/src/hal_adc.o
                0x00016c28                Adc0_Init
 .text.Adc0_Errata
                0x00016cc4       0x28 ./hal/src/hal_adc.o
                0x00016cc4                Adc0_Errata
 .text.Cmu_Init
                0x00016cec       0x30 ./hal/src/hal_cmu.o
                0x00016cec                Cmu_Init
 .text.Dma_Init
                0x00016d1c       0x70 ./hal/src/hal_dma.o
                0x00016d1c                Dma_Init
 .text.Emu_Init
                0x00016d8c       0x18 ./hal/src/hal_emu.o
                0x00016d8c                Emu_Init
 .text.GPIO_PinOutClear
                0x00016da4       0x58 ./hal/src/hal_esam.o
 .text.GPIO_PinOutSet
                0x00016dfc       0x58 ./hal/src/hal_esam.o
 .text.Esam1120a_Get_Chip_Id
                0x00016e54       0x9c ./hal/src/hal_esam.o
                0x00016e54                Esam1120a_Get_Chip_Id
 .text.Esam1120a_Get_Key_Version
                0x00016ef0       0x9c ./hal/src/hal_esam.o
                0x00016ef0                Esam1120a_Get_Key_Version
 .text.Esam1120a_Get_Random
                0x00016f8c       0x9c ./hal/src/hal_esam.o
                0x00016f8c                Esam1120a_Get_Random
 .text.Esam1120a_Authentication
                0x00017028       0xac ./hal/src/hal_esam.o
                0x00017028                Esam1120a_Authentication
 .text.Esam1120a_Public_Key_Verification
                0x000170d4       0xac ./hal/src/hal_esam.o
                0x000170d4                Esam1120a_Public_Key_Verification
 .text.Esam1120a_Public_Key_Update
                0x00017180      0x214 ./hal/src/hal_esam.o
                0x00017180                Esam1120a_Public_Key_Update
 .text.Esam1120a_Symmetric_key_Update
                0x00017394      0x104 ./hal/src/hal_esam.o
                0x00017394                Esam1120a_Symmetric_key_Update
 .text.Esam1120a_Key_Consult
                0x00017498       0xd4 ./hal/src/hal_esam.o
                0x00017498                Esam1120a_Key_Consult
 .text.Esam1120a_Data_Encryption
                0x0001756c       0xf0 ./hal/src/hal_esam.o
                0x0001756c                Esam1120a_Data_Encryption
 .text.Esam1120a_Verify_Mac_6Byte
                0x0001765c       0xcc ./hal/src/hal_esam.o
                0x0001765c                Esam1120a_Verify_Mac_6Byte
 .text.ESAM_SPI_READ_ARRAY
                0x00017728      0x144 ./hal/src/hal_esam.o
                0x00017728                ESAM_SPI_READ_ARRAY
 .text.ESAM_SPI_WRITE_ARRAY
                0x0001786c       0x80 ./hal/src/hal_esam.o
                0x0001786c                ESAM_SPI_WRITE_ARRAY
 .text.ESAM_SPI_READ_BYTE
                0x000178ec       0x10 ./hal/src/hal_esam.o
                0x000178ec                ESAM_SPI_READ_BYTE
 .text.ESAM_SPI_WRITE_BYTE
                0x000178fc       0x18 ./hal/src/hal_esam.o
                0x000178fc                ESAM_SPI_WRITE_BYTE
 .text.ESAM_SPI_READWRITE
                0x00017914       0x1c ./hal/src/hal_esam.o
                0x00017914                ESAM_SPI_READWRITE
 .text.ESAM_DELAY_US
                0x00017930       0x30 ./hal/src/hal_esam.o
                0x00017930                ESAM_DELAY_US
 .text.BUS_RegBitRead
                0x00017960       0x2c ./hal/src/hal_gpio.o
 .text.GPIO_IntClear
                0x0001798c       0x20 ./hal/src/hal_gpio.o
 .text.GPIO_IntGet
                0x000179ac       0x18 ./hal/src/hal_gpio.o
 .text.GPIO_PinInGet
                0x000179c4       0x54 ./hal/src/hal_gpio.o
 .text.GPIO_PinOutClear
                0x00017a18       0x58 ./hal/src/hal_gpio.o
 .text.GPIO_PinOutSet
                0x00017a70       0x58 ./hal/src/hal_gpio.o
 .text.GPIO_PinOutToggle
                0x00017ac8       0x58 ./hal/src/hal_gpio.o
 .text.Gpio_Init
                0x00017b20       0x80 ./hal/src/hal_gpio.o
                0x00017b20                Gpio_Init
 .text.Status_Led1_Set
                0x00017ba0       0x10 ./hal/src/hal_gpio.o
                0x00017ba0                Status_Led1_Set
 .text.Status_Led1_Clear
                0x00017bb0       0x10 ./hal/src/hal_gpio.o
                0x00017bb0                Status_Led1_Clear
 .text.Status_Led2_Toggle
                0x00017bc0       0x10 ./hal/src/hal_gpio.o
                0x00017bc0                Status_Led2_Toggle
 .text.Status_Led2_Set
                0x00017bd0       0x10 ./hal/src/hal_gpio.o
                0x00017bd0                Status_Led2_Set
 .text.Mx25_Gpio_Pin
                0x00017be0       0x28 ./hal/src/hal_gpio.o
                0x00017be0                Mx25_Gpio_Pin
 .text.Gps_Power_On
                0x00017c08       0x10 ./hal/src/hal_gpio.o
                0x00017c08                Gps_Power_On
 .text.Gps_Power_Off
                0x00017c18       0x10 ./hal/src/hal_gpio.o
                0x00017c18                Gps_Power_Off
 .text.Gpio_Int_CallBack
                0x00017c28       0x1c ./hal/src/hal_gpio.o
                0x00017c28                Gpio_Int_CallBack
 .text.GPIO_ODD_IRQHandler
                0x00017c44       0x2c ./hal/src/hal_gpio.o
                0x00017c44                GPIO_ODD_IRQHandler
 .text.Gps_Abstime_Process
                0x00017c70      0x178 ./hal/src/hal_gps.o
                0x00017c70                Gps_Abstime_Process
 .text.Get_Gps_Abstime
                0x00017de8       0xd8 ./hal/src/hal_gps.o
                0x00017de8                Get_Gps_Abstime
 .text.Get_Specified_Char_Index
                0x00017ec0       0x54 ./hal/src/hal_gps.o
                0x00017ec0                Get_Specified_Char_Index
 .text.Check_Gps_Crc
                0x00017f14       0x44 ./hal/src/hal_gps.o
                0x00017f14                Check_Gps_Crc
 .text.I2c_Init
                0x00017f58       0x54 ./hal/src/hal_i2c.o
                0x00017f58                I2c_Init
 .text.Bcd2Byte
                0x00017fac       0x34 ./hal/src/hal_math.o
                0x00017fac                Bcd2Byte
 .text.Byte2Bcd
                0x00017fe0       0x48 ./hal/src/hal_math.o
                0x00017fe0                Byte2Bcd
 .text.Char2Uint8_t
                0x00018028       0x3c ./hal/src/hal_math.o
                0x00018028                Char2Uint8_t
 .text.Get_Hex  0x00018064       0x3c ./hal/src/hal_math.o
                0x00018064                Get_Hex
 .text.Msc_Init
                0x000180a0        0xc ./hal/src/hal_msc.o
                0x000180a0                Msc_Init
 .text.GPIO_PinOutClear
                0x000180ac       0x58 ./hal/src/hal_mx25.o
 .text.GPIO_PinOutSet
                0x00018104       0x58 ./hal/src/hal_mx25.o
 .text.Mx25_Flash_Init
                0x0001815c       0x88 ./hal/src/hal_mx25.o
                0x0001815c                Mx25_Flash_Init
 .text.Mx25_Read_U8
                0x000181e4       0x94 ./hal/src/hal_mx25.o
                0x000181e4                Mx25_Read_U8
 .text.Mx25_Read_U8_Array
                0x00018278       0xbc ./hal/src/hal_mx25.o
                0x00018278                Mx25_Read_U8_Array
 .text.Mx25_Write_U8_Array
                0x00018334      0x104 ./hal/src/hal_mx25.o
                0x00018334                Mx25_Write_U8_Array
 .text.Mx25_Erase_Chip
                0x00018438       0x24 ./hal/src/hal_mx25.o
                0x00018438                Mx25_Erase_Chip
 .text.Mx25_Erase_Sector
                0x0001845c       0x64 ./hal/src/hal_mx25.o
                0x0001845c                Mx25_Erase_Sector
 .text.Mx25_Read_Status
                0x000184c0       0x28 ./hal/src/hal_mx25.o
                0x000184c0                Mx25_Read_Status
 .text.Mx25_Write_Status
                0x000184e8       0x28 ./hal/src/hal_mx25.o
                0x000184e8                Mx25_Write_Status
 .text.Mx25_Read_Id
                0x00018510       0x48 ./hal/src/hal_mx25.o
                0x00018510                Mx25_Read_Id
 .text.Mx25_Enable_Write
                0x00018558       0x94 ./hal/src/hal_mx25.o
                0x00018558                Mx25_Enable_Write
 .text.Mx25_Disable_Write
                0x000185ec       0x14 ./hal/src/hal_mx25.o
                0x000185ec                Mx25_Disable_Write
 .text.Mx25_Wait_Idle
                0x00018600       0x24 ./hal/src/hal_mx25.o
                0x00018600                Mx25_Wait_Idle
 .text.MX25_READWRITE_BYTE
                0x00018624       0x20 ./hal/src/hal_mx25.o
                0x00018624                MX25_READWRITE_BYTE
 .text.Mx25_Open_Flash
                0x00018644       0x50 ./hal/src/hal_mx25.o
                0x00018644                Mx25_Open_Flash
 .text.Mx25_Close_Flash
                0x00018694       0x44 ./hal/src/hal_mx25.o
                0x00018694                Mx25_Close_Flash
 .text.Mx25_Check_Data
                0x000186d8       0x54 ./hal/src/hal_mx25.o
                0x000186d8                Mx25_Check_Data
 .text.Rx8025t_Init
                0x0001872c       0x78 ./hal/src/hal_r8025t.o
                0x0001872c                Rx8025t_Init
 .text.R8025t_Reset
                0x000187a4       0x44 ./hal/src/hal_r8025t.o
                0x000187a4                R8025t_Reset
 .text.Get_R8025t_RtcTime
                0x000187e8       0xd8 ./hal/src/hal_r8025t.o
                0x000187e8                Get_R8025t_RtcTime
 .text.Set_R8025t_RtcTime
                0x000188c0       0xac ./hal/src/hal_r8025t.o
                0x000188c0                Set_R8025t_RtcTime
 .text.Check_R8025t_Data
                0x0001896c       0x84 ./hal/src/hal_r8025t.o
                0x0001896c                Check_R8025t_Data
 .text.Is_Valid_R8025t_Clock
                0x000189f0      0x184 ./hal/src/hal_r8025t.o
                0x000189f0                Is_Valid_R8025t_Clock
 .text.Rx8025t_ReadByte
                0x00018b74       0x58 ./hal/src/hal_r8025t.o
                0x00018b74                Rx8025t_ReadByte
 .text.Rx8025t_WriteByte
                0x00018bcc       0x50 ./hal/src/hal_r8025t.o
                0x00018bcc                Rx8025t_WriteByte
 .text.NVIC_EnableIRQ
                0x00018c1c       0x30 ./hal/src/hal_rtc.o
 .text.NVIC_ClearPendingIRQ
                0x00018c4c       0x34 ./hal/src/hal_rtc.o
 .text.RTC_IntClear
                0x00018c80       0x1c ./hal/src/hal_rtc.o
 .text.RTC_IntEnable
                0x00018c9c       0x24 ./hal/src/hal_rtc.o
 .text.Rtc_Init
                0x00018cc0       0x5c ./hal/src/hal_rtc.o
                0x00018cc0                Rtc_Init
 .text.Set_Rtc_Cnt
                0x00018d1c       0x20 ./hal/src/hal_rtc.o
                0x00018d1c                Set_Rtc_Cnt
 .text.Rtc_Int_CallBack
                0x00018d3c       0x1c ./hal/src/hal_rtc.o
                0x00018d3c                Rtc_Int_CallBack
 .text.RTC_IRQHandler
                0x00018d58       0x20 ./hal/src/hal_rtc.o
                0x00018d58                RTC_IRQHandler
 .text.NVIC_EnableIRQ
                0x00018d78       0x30 ./hal/src/hal_timer.o
 .text.NVIC_ClearPendingIRQ
                0x00018da8       0x34 ./hal/src/hal_timer.o
 .text.TIMER_CompareBufSet
                0x00018ddc       0x24 ./hal/src/hal_timer.o
 .text.TIMER_IntClear
                0x00018e00       0x1c ./hal/src/hal_timer.o
 .text.TIMER_TopSet
                0x00018e1c       0x1c ./hal/src/hal_timer.o
 .text.LETIMER_IntClear
                0x00018e38       0x1c ./hal/src/hal_timer.o
 .text.LETIMER_IntEnable
                0x00018e54       0x20 ./hal/src/hal_timer.o
 .text.Timer0_Init
                0x00018e74       0xe0 ./hal/src/hal_timer.o
                0x00018e74                Timer0_Init
 .text.Timer0_Start
                0x00018f54       0x18 ./hal/src/hal_timer.o
                0x00018f54                Timer0_Start
 .text.Timer0_Stop
                0x00018f6c       0x18 ./hal/src/hal_timer.o
                0x00018f6c                Timer0_Stop
 .text.Timer2_Init
                0x00018f84       0xe0 ./hal/src/hal_timer.o
                0x00018f84                Timer2_Init
 .text.Letimer0_Init
                0x00019064       0x98 ./hal/src/hal_timer.o
                0x00019064                Letimer0_Init
 .text.Letimer0_Int_CallBack
                0x000190fc       0x1c ./hal/src/hal_timer.o
                0x000190fc                Letimer0_Int_CallBack
 .text.Timer2_Start
                0x00019118       0x18 ./hal/src/hal_timer.o
                0x00019118                Timer2_Start
 .text.Timer2_Stop
                0x00019130       0x18 ./hal/src/hal_timer.o
                0x00019130                Timer2_Stop
 .text.TIMER0_IRQHandler
                0x00019148       0x24 ./hal/src/hal_timer.o
                0x00019148                TIMER0_IRQHandler
 .text.LETIMER0_IRQHandler
                0x0001916c       0x24 ./hal/src/hal_timer.o
                0x0001916c                LETIMER0_IRQHandler
 .text.NVIC_EnableIRQ
                0x00019190       0x30 ./hal/src/hal_usart.o
 .text.NVIC_ClearPendingIRQ
                0x000191c0       0x34 ./hal/src/hal_usart.o
 .text.USART_IntEnable
                0x000191f4       0x20 ./hal/src/hal_usart.o
 .text.LEUART_IntClear
                0x00019214       0x1c ./hal/src/hal_usart.o
 .text.LEUART_IntEnable
                0x00019230       0x20 ./hal/src/hal_usart.o
 .text.Usart0_Init
                0x00019250       0x84 ./hal/src/hal_usart.o
                0x00019250                Usart0_Init
 .text.Usart0_ReadWrite
                0x000192d4       0x34 ./hal/src/hal_usart.o
                0x000192d4                Usart0_ReadWrite
 .text.Usart1_Init
                0x00019308       0x8c ./hal/src/hal_usart.o
                0x00019308                Usart1_Init
 .text.Usart1_ReadWrite
                0x00019394       0x34 ./hal/src/hal_usart.o
                0x00019394                Usart1_ReadWrite
 .text.Uart0_Init
                0x000193c8       0x7c ./hal/src/hal_usart.o
                0x000193c8                Uart0_Init
 .text.Uart1_Init
                0x00019444       0x90 ./hal/src/hal_usart.o
                0x00019444                Uart1_Init
 .text.Leuart1_Init
                0x000194d4       0x84 ./hal/src/hal_usart.o
                0x000194d4                Leuart1_Init
 .text.Uart0_Rx_CallBack
                0x00019558       0x1c ./hal/src/hal_usart.o
                0x00019558                Uart0_Rx_CallBack
 .text.Uart0_Tx_CallBack
                0x00019574       0x1c ./hal/src/hal_usart.o
                0x00019574                Uart0_Tx_CallBack
 .text.Uart1_Rx_CallBack
                0x00019590       0x1c ./hal/src/hal_usart.o
                0x00019590                Uart1_Rx_CallBack
 .text.Uart1_Tx_CallBack
                0x000195ac       0x1c ./hal/src/hal_usart.o
                0x000195ac                Uart1_Tx_CallBack
 .text.Leuart1_Rx_CallBack
                0x000195c8       0x1c ./hal/src/hal_usart.o
                0x000195c8                Leuart1_Rx_CallBack
 .text.UART0_RX_IRQHandler
                0x000195e4       0x18 ./hal/src/hal_usart.o
                0x000195e4                UART0_RX_IRQHandler
 .text.UART0_TX_IRQHandler
                0x000195fc       0x24 ./hal/src/hal_usart.o
                0x000195fc                UART0_TX_IRQHandler
 .text.UART1_RX_IRQHandler
                0x00019620       0x18 ./hal/src/hal_usart.o
                0x00019620                UART1_RX_IRQHandler
 .text.UART1_TX_IRQHandler
                0x00019638       0x24 ./hal/src/hal_usart.o
                0x00019638                UART1_TX_IRQHandler
 .text.LEUART1_IRQHandler
                0x0001965c       0x68 ./hal/src/hal_usart.o
                0x0001965c                LEUART1_IRQHandler
 .text.WDOG_Feed
                0x000196c4       0x10 ./hal/src/hal_wdog.o
 .text.WDOG_Init
                0x000196d4       0x1c ./hal/src/hal_wdog.o
 .text.Wdog_Init
                0x000196f0       0x44 ./hal/src/hal_wdog.o
                0x000196f0                Wdog_Init
 .text.Wdog_Feed
                0x00019734        0xc ./hal/src/hal_wdog.o
                0x00019734                Wdog_Feed
 .text.Wdog_Enable
                0x00019740       0x1c ./hal/src/hal_wdog.o
                0x00019740                Wdog_Enable
 .text.Wdog_Disable
                0x0001975c       0x1c ./hal/src/hal_wdog.o
                0x0001975c                Wdog_Disable
 .text.ADC_LoadDevinfoCal
                0x00019778      0x120 ./emlib/em_adc.o
 .text.ADC_Init
                0x00019898       0x88 ./emlib/em_adc.o
                0x00019898                ADC_Init
 .text.ADC_InitScan
                0x00019920       0xa0 ./emlib/em_adc.o
                0x00019920                ADC_InitScan
 .text.ADC_PrescaleCalc
                0x000199c0       0x64 ./emlib/em_adc.o
                0x000199c0                ADC_PrescaleCalc
 .text.ADC_TimebaseCalc
                0x00019a24       0x60 ./emlib/em_adc.o
                0x00019a24                ADC_TimebaseCalc
 .text.BUS_RegBitWrite
                0x00019a84       0x2c ./emlib/em_cmu.o
 .text.BUS_RegBitRead
                0x00019ab0       0x2c ./emlib/em_cmu.o
 .text.SYSTEM_GetProdRev
                0x00019adc       0x1c ./emlib/em_cmu.o
 .text.SYSTEM_GetFamily
                0x00019af8       0x20 ./emlib/em_cmu.o
 .text.maxFreqHfle
                0x00019b18       0x78 ./emlib/em_cmu.o
 .text.setHfLeConfig
                0x00019b90       0x3c ./emlib/em_cmu.o
 .text.getHfLeConfig
                0x00019bcc       0x2c ./emlib/em_cmu.o
 .text.auxClkGet
                0x00019bf8       0xb0 ./emlib/em_cmu.o
 .text.dbgClkGet
                0x00019ca8       0x40 ./emlib/em_cmu.o
 .text.flashWaitStateControl
                0x00019ce8       0xb8 ./emlib/em_cmu.o
 .text.flashWaitStateMax
                0x00019da0       0x14 ./emlib/em_cmu.o
 .text.lfClkGet
                0x00019db4       0xec ./emlib/em_cmu.o
 .text.syncReg  0x00019ea0       0x34 ./emlib/em_cmu.o
 .text.CMU_ClockEnable
                0x00019ed4       0xd8 ./emlib/em_cmu.o
                0x00019ed4                CMU_ClockEnable
 .text.CMU_ClockFreqGet
                0x00019fac      0x160 ./emlib/em_cmu.o
                0x00019fac                CMU_ClockFreqGet
 .text.CMU_ClockSelectGet
                0x0001a10c      0x124 ./emlib/em_cmu.o
                0x0001a10c                CMU_ClockSelectGet
 .text.CMU_ClockSelectSet
                0x0001a230      0x24c ./emlib/em_cmu.o
                0x0001a230                CMU_ClockSelectSet
 .text.CMU_HFRCOBandSet
                0x0001a47c       0xe4 ./emlib/em_cmu.o
                0x0001a47c                CMU_HFRCOBandSet
 .text.CMU_OscillatorEnable
                0x0001a560       0xc0 ./emlib/em_cmu.o
                0x0001a560                CMU_OscillatorEnable
 .text.NVIC_EnableIRQ
                0x0001a620       0x30 ./emlib/em_dma.o
 .text.NVIC_DisableIRQ
                0x0001a650       0x34 ./emlib/em_dma.o
 .text.NVIC_ClearPendingIRQ
                0x0001a684       0x34 ./emlib/em_dma.o
 .text.BUS_RegBitWrite
                0x0001a6b8       0x2c ./emlib/em_dma.o
 .text.DMA_Prepare
                0x0001a6e4      0x108 ./emlib/em_dma.o
 .text.DMA_IRQHandler
                0x0001a7ec       0xd8 ./emlib/em_dma.o
                0x0001a7ec                DMA_IRQHandler
 .text.DMA_ActivateBasic
                0x0001a8c4       0x40 ./emlib/em_dma.o
                0x0001a8c4                DMA_ActivateBasic
 .text.DMA_CfgChannel
                0x0001a904       0x90 ./emlib/em_dma.o
                0x0001a904                DMA_CfgChannel
 .text.DMA_CfgDescr
                0x0001a994       0x70 ./emlib/em_dma.o
                0x0001a994                DMA_CfgDescr
 .text.DMA_Init
                0x0001aa04       0x54 ./emlib/em_dma.o
                0x0001aa04                DMA_Init
 .text.DMA_Reset
                0x0001aa58       0x88 ./emlib/em_dma.o
                0x0001aa58                DMA_Reset
 .text.EMU_UpdateOscConfig
                0x0001aae0       0x1c ./emlib/em_emu.o
                0x0001aae0                EMU_UpdateOscConfig
 .text.EMU_EM23Init
                0x0001aafc       0x34 ./emlib/em_emu.o
                0x0001aafc                EMU_EM23Init
 .text.BUS_RegBitWrite
                0x0001ab30       0x2c ./emlib/em_gpio.o
 .text.BUS_RegMaskedWrite
                0x0001ab5c       0x28 ./emlib/em_gpio.o
 .text.GPIO_PinOutClear
                0x0001ab84       0x58 ./emlib/em_gpio.o
 .text.GPIO_PinOutSet
                0x0001abdc       0x58 ./emlib/em_gpio.o
 .text.GPIO_ExtIntConfig
                0x0001ac34       0xcc ./emlib/em_gpio.o
                0x0001ac34                GPIO_ExtIntConfig
 .text.GPIO_PinModeSet
                0x0001ad00      0x110 ./emlib/em_gpio.o
                0x0001ad00                GPIO_PinModeSet
 .text.BUS_RegBitWrite
                0x0001ae10       0x2c ./emlib/em_i2c.o
 .text.BUS_RegMaskedWrite
                0x0001ae3c       0x28 ./emlib/em_i2c.o
 .text.I2C_BusFreqSet
                0x0001ae64       0xfc ./emlib/em_i2c.o
                0x0001ae64                I2C_BusFreqSet
 .text.I2C_Init
                0x0001af60       0x78 ./emlib/em_i2c.o
                0x0001af60                I2C_Init
 .text.I2C_Transfer
                0x0001afd8      0x44c ./emlib/em_i2c.o
                0x0001afd8                I2C_Transfer
 .text.I2C_TransferInit
                0x0001b424       0xe4 ./emlib/em_i2c.o
                0x0001b424                I2C_TransferInit
 .text.LETIMER_CompareSet
                0x0001b508       0x58 ./emlib/em_letimer.o
                0x0001b508                LETIMER_CompareSet
 .text.LETIMER_Init
                0x0001b560       0xec ./emlib/em_letimer.o
                0x0001b560                LETIMER_Init
 .text.LETIMER_RepeatSet
                0x0001b64c       0x58 ./emlib/em_letimer.o
                0x0001b64c                LETIMER_RepeatSet
 .text.LEUART_Sync
                0x0001b6a4       0x30 ./emlib/em_leuart.o
 .text.LEUART_BaudrateSet
                0x0001b6d4       0x80 ./emlib/em_leuart.o
                0x0001b6d4                LEUART_BaudrateSet
 .text.LEUART_FreezeEnable
                0x0001b754       0x34 ./emlib/em_leuart.o
                0x0001b754                LEUART_FreezeEnable
 .text.LEUART_Init
                0x0001b788       0x84 ./emlib/em_leuart.o
                0x0001b788                LEUART_Init
 .text.LEUART_Rx
                0x0001b80c       0x28 ./emlib/em_leuart.o
                0x0001b80c                LEUART_Rx
 .text.MSC_Init
                0x0001b834       0xbc ./emlib/em_msc.o
                0x0001b834                MSC_Init
 .text.BUS_RegBitWrite
                0x0001b8f0       0x2c ./emlib/em_rmu.o
 .text.EMU_Lock
                0x0001b91c       0x18 ./emlib/em_rmu.o
 .text.EMU_Unlock
                0x0001b934       0x18 ./emlib/em_rmu.o
 .text.RMU_ResetCauseClear
                0x0001b94c       0x50 ./emlib/em_rmu.o
                0x0001b94c                RMU_ResetCauseClear
 .text.RMU_ResetCauseGet
                0x0001b99c       0x6c ./emlib/em_rmu.o
                0x0001b99c                RMU_ResetCauseGet
 .text.RTC_CompareSet
                0x0001ba08       0x4c ./emlib/em_rtc.o
                0x0001ba08                RTC_CompareSet
 .text.RTC_Init
                0x0001ba54       0x50 ./emlib/em_rtc.o
                0x0001ba54                RTC_Init
 .text.SYSTEM_ChipRevisionGet
                0x0001baa4       0x74 ./emlib/em_system.o
                0x0001baa4                SYSTEM_ChipRevisionGet
 .text.TIMER_Init
                0x0001bb18      0x10c ./emlib/em_timer.o
                0x0001bb18                TIMER_Init
 .text.TIMER_InitCC
                0x0001bc24       0xcc ./emlib/em_timer.o
                0x0001bc24                TIMER_InitCC
 .text.BUS_RegMaskedWrite
                0x0001bcf0       0x28 ./emlib/em_usart.o
 .text.USART_BaudrateAsyncSet
                0x0001bd18       0xb0 ./emlib/em_usart.o
                0x0001bd18                USART_BaudrateAsyncSet
 .text.USART_BaudrateSyncSet
                0x0001bdc8       0x74 ./emlib/em_usart.o
                0x0001bdc8                USART_BaudrateSyncSet
 .text.USART_InitAsync
                0x0001be3c       0xb4 ./emlib/em_usart.o
                0x0001be3c                USART_InitAsync
 .text.USART_InitSync
                0x0001bef0       0xcc ./emlib/em_usart.o
                0x0001bef0                USART_InitSync
 .text.USART_Reset
                0x0001bfbc       0xb0 ./emlib/em_usart.o
                0x0001bfbc                USART_Reset
 .text.USART_Rx
                0x0001c06c       0x28 ./emlib/em_usart.o
                0x0001c06c                USART_Rx
 .text.USART_Tx
                0x0001c094       0x2c ./emlib/em_usart.o
                0x0001c094                USART_Tx
 .text.WDOGn_Feed
                0x0001c0c0       0x44 ./emlib/em_wdog.o
                0x0001c0c0                WDOGn_Feed
 .text.WDOGn_Init
                0x0001c104       0xb0 ./emlib/em_wdog.o
                0x0001c104                WDOGn_Init
 .text.pvPortMalloc
                0x0001c1b4       0x8c ./FREERTOS/heap_1.o
                0x0001c1b4                pvPortMalloc
 .text.vPortFree
                0x0001c240       0x2c ./FREERTOS/heap_1.o
                0x0001c240                vPortFree
 .text.vListInitialise
                0x0001c26c       0x40 ./FREERTOS/list.o
                0x0001c26c                vListInitialise
 .text.vListInitialiseItem
                0x0001c2ac       0x18 ./FREERTOS/list.o
                0x0001c2ac                vListInitialiseItem
 .text.vListInsertEnd
                0x0001c2c4       0x48 ./FREERTOS/list.o
                0x0001c2c4                vListInsertEnd
 .text.vListInsert
                0x0001c30c       0x70 ./FREERTOS/list.o
                0x0001c30c                vListInsert
 .text.uxListRemove
                0x0001c37c       0x54 ./FREERTOS/list.o
                0x0001c37c                uxListRemove
 .text.pxPortInitialiseStack
                0x0001c3d0       0x5c ./FREERTOS/port.o
                0x0001c3d0                pxPortInitialiseStack
 .text.prvTaskExitError
                0x0001c42c       0x3c ./FREERTOS/port.o
 *fill*         0x0001c468        0x8 
 .text.SVC_Handler
                0x0001c470       0x30 ./FREERTOS/port.o
                0x0001c470                SVC_Handler
 .text.prvPortStartFirstTask
                0x0001c4a0       0x20 ./FREERTOS/port.o
 .text.xPortStartScheduler
                0x0001c4c0       0xbc ./FREERTOS/port.o
                0x0001c4c0                xPortStartScheduler
 .text.vPortEnterCritical
                0x0001c57c       0x5c ./FREERTOS/port.o
                0x0001c57c                vPortEnterCritical
 .text.vPortExitCritical
                0x0001c5d8       0x4c ./FREERTOS/port.o
                0x0001c5d8                vPortExitCritical
 *fill*         0x0001c624        0xc 
 .text.PendSV_Handler
                0x0001c630       0x50 ./FREERTOS/port.o
                0x0001c630                PendSV_Handler
 .text.SysTick_Handler
                0x0001c680       0x40 ./FREERTOS/port.o
                0x0001c680                SysTick_Handler
 .text.vPortSuppressTicksAndSleep
                0x0001c6c0      0x180 ./FREERTOS/port.o
                0x0001c6c0                vPortSuppressTicksAndSleep
 .text.vPortSetupTimerInterrupt
                0x0001c840       0x4c ./FREERTOS/port.o
                0x0001c840                vPortSetupTimerInterrupt
 .text.vPortValidateInterruptPriority
                0x0001c88c       0x78 ./FREERTOS/port.o
                0x0001c88c                vPortValidateInterruptPriority
 .text.xQueueGenericReset
                0x0001c904       0xd0 ./FREERTOS/queue.o
                0x0001c904                xQueueGenericReset
 .text.xQueueGenericCreate
                0x0001c9d4       0x70 ./FREERTOS/queue.o
                0x0001c9d4                xQueueGenericCreate
 .text.prvInitialiseNewQueue
                0x0001ca44       0x3c ./FREERTOS/queue.o
 .text.xQueueGenericSend
                0x0001ca80      0x1fc ./FREERTOS/queue.o
                0x0001ca80                xQueueGenericSend
 .text.xQueueGenericSendFromISR
                0x0001cc7c      0x128 ./FREERTOS/queue.o
                0x0001cc7c                xQueueGenericSendFromISR
 .text.xQueueGenericReceive
                0x0001cda4      0x22c ./FREERTOS/queue.o
                0x0001cda4                xQueueGenericReceive
 .text.prvCopyDataToQueue
                0x0001cfd0       0xd8 ./FREERTOS/queue.o
 .text.prvCopyDataFromQueue
                0x0001d0a8       0x4c ./FREERTOS/queue.o
 .text.prvUnlockQueue
                0x0001d0f4       0xa0 ./FREERTOS/queue.o
 .text.prvIsQueueEmpty
                0x0001d194       0x2c ./FREERTOS/queue.o
 .text.prvIsQueueFull
                0x0001d1c0       0x30 ./FREERTOS/queue.o
 .text.vQueueAddToRegistry
                0x0001d1f0       0x50 ./FREERTOS/queue.o
                0x0001d1f0                vQueueAddToRegistry
 .text.vQueueWaitForMessageRestricted
                0x0001d240       0x6c ./FREERTOS/queue.o
                0x0001d240                vQueueWaitForMessageRestricted
 .text.xTaskCreate
                0x0001d2ac       0x84 ./FREERTOS/tasks.o
                0x0001d2ac                xTaskCreate
 .text.prvInitialiseNewTask
                0x0001d330      0x108 ./FREERTOS/tasks.o
 .text.prvAddNewTaskToReadyList
                0x0001d438       0xd4 ./FREERTOS/tasks.o
 .text.vTaskDelay
                0x0001d50c       0x64 ./FREERTOS/tasks.o
                0x0001d50c                vTaskDelay
 .text.vTaskSuspend
                0x0001d570      0x10c ./FREERTOS/tasks.o
                0x0001d570                vTaskSuspend
 .text.prvTaskIsTaskSuspended
                0x0001d67c       0x74 ./FREERTOS/tasks.o
 .text.vTaskResume
                0x0001d6f0       0xb8 ./FREERTOS/tasks.o
                0x0001d6f0                vTaskResume
 .text.vTaskStartScheduler
                0x0001d7a8       0x94 ./FREERTOS/tasks.o
                0x0001d7a8                vTaskStartScheduler
 .text.vTaskSuspendAll
                0x0001d83c       0x1c ./FREERTOS/tasks.o
                0x0001d83c                vTaskSuspendAll
 .text.prvGetExpectedIdleTime
                0x0001d858       0x74 ./FREERTOS/tasks.o
 .text.xTaskResumeAll
                0x0001d8cc      0x138 ./FREERTOS/tasks.o
                0x0001d8cc                xTaskResumeAll
 .text.xTaskGetTickCount
                0x0001da04       0x20 ./FREERTOS/tasks.o
                0x0001da04                xTaskGetTickCount
 .text.vTaskStepTick
                0x0001da24       0x4c ./FREERTOS/tasks.o
                0x0001da24                vTaskStepTick
 .text.xTaskIncrementTick
                0x0001da70      0x178 ./FREERTOS/tasks.o
                0x0001da70                xTaskIncrementTick
 .text.vTaskSwitchContext
                0x0001dbe8       0xd0 ./FREERTOS/tasks.o
                0x0001dbe8                vTaskSwitchContext
 .text.vTaskPlaceOnEventList
                0x0001dcb8       0x44 ./FREERTOS/tasks.o
                0x0001dcb8                vTaskPlaceOnEventList
 .text.vTaskPlaceOnEventListRestricted
                0x0001dcfc       0x54 ./FREERTOS/tasks.o
                0x0001dcfc                vTaskPlaceOnEventListRestricted
 .text.xTaskRemoveFromEventList
                0x0001dd50       0xc8 ./FREERTOS/tasks.o
                0x0001dd50                xTaskRemoveFromEventList
 .text.vTaskSetTimeOutState
                0x0001de18       0x44 ./FREERTOS/tasks.o
                0x0001de18                vTaskSetTimeOutState
 .text.xTaskCheckForTimeOut
                0x0001de5c       0xbc ./FREERTOS/tasks.o
                0x0001de5c                xTaskCheckForTimeOut
 .text.vTaskMissedYield
                0x0001df18       0x18 ./FREERTOS/tasks.o
                0x0001df18                vTaskMissedYield
 .text.prvIdleTask
                0x0001df30       0x60 ./FREERTOS/tasks.o
 .text.eTaskConfirmSleepModeStatus
                0x0001df90       0x5c ./FREERTOS/tasks.o
                0x0001df90                eTaskConfirmSleepModeStatus
 .text.prvInitialiseTaskLists
                0x0001dfec       0x7c ./FREERTOS/tasks.o
 .text.prvCheckTasksWaitingTermination
                0x0001e068       0x74 ./FREERTOS/tasks.o
 .text.prvTaskCheckFreeStackSpace
                0x0001e0dc       0x38 ./FREERTOS/tasks.o
 .text.uxTaskGetStackHighWaterMark
                0x0001e114       0x38 ./FREERTOS/tasks.o
                0x0001e114                uxTaskGetStackHighWaterMark
 .text.prvDeleteTCB
                0x0001e14c       0x20 ./FREERTOS/tasks.o
 .text.prvResetNextTaskUnblockTime
                0x0001e16c       0x48 ./FREERTOS/tasks.o
 .text.xTaskGetSchedulerState
                0x0001e1b4       0x3c ./FREERTOS/tasks.o
                0x0001e1b4                xTaskGetSchedulerState
 .text.vTaskPriorityInherit
                0x0001e1f0       0xec ./FREERTOS/tasks.o
                0x0001e1f0                vTaskPriorityInherit
 .text.xTaskPriorityDisinherit
                0x0001e2dc      0x108 ./FREERTOS/tasks.o
                0x0001e2dc                xTaskPriorityDisinherit
 .text.pvTaskIncrementMutexHeldCount
                0x0001e3e4       0x28 ./FREERTOS/tasks.o
                0x0001e3e4                pvTaskIncrementMutexHeldCount
 .text.ulTaskNotifyTake
                0x0001e40c       0x90 ./FREERTOS/tasks.o
                0x0001e40c                ulTaskNotifyTake
 .text.xTaskGenericNotify
                0x0001e49c      0x144 ./FREERTOS/tasks.o
                0x0001e49c                xTaskGenericNotify
 .text.prvAddCurrentTaskToDelayedList
                0x0001e5e0       0xc8 ./FREERTOS/tasks.o
 .text.xTimerCreateTimerTask
                0x0001e6a8       0x60 ./FREERTOS/timers.o
                0x0001e6a8                xTimerCreateTimerTask
 .text.xTimerGenericCommand
                0x0001e708       0xa4 ./FREERTOS/timers.o
                0x0001e708                xTimerGenericCommand
 .text.prvProcessExpiredTimer
                0x0001e7ac       0x80 ./FREERTOS/timers.o
 .text.prvTimerTask
                0x0001e82c       0x24 ./FREERTOS/timers.o
 .text.prvProcessTimerOrBlockTask
                0x0001e850       0x9c ./FREERTOS/timers.o
 .text.prvGetNextExpireTime
                0x0001e8ec       0x48 ./FREERTOS/timers.o
 .text.prvSampleTimeNow
                0x0001e934       0x40 ./FREERTOS/timers.o
 .text.prvInsertTimerInActiveList
                0x0001e974       0x84 ./FREERTOS/timers.o
 .text.prvProcessReceivedCommands
                0x0001e9f8      0x164 ./FREERTOS/timers.o
 .text.prvSwitchTimerLists
                0x0001eb5c       0xc0 ./FREERTOS/timers.o
 .text.prvCheckForValidListAndQueue
                0x0001ec1c       0x6c ./FREERTOS/timers.o
 .text          0x0001ec88       0x30 ./CMSIS/efm32gg/startup_gcc_efm32gg.o
                0x0001ec88                Reset_Handler
                0x0001ecb4                DebugMon_Handler
                0x0001ecb4                USART0_TX_IRQHandler
                0x0001ecb4                I2C0_IRQHandler
                0x0001ecb4                HardFault_Handler
                0x0001ecb4                USART1_RX_IRQHandler
                0x0001ecb4                NMI_Handler
                0x0001ecb4                I2C1_IRQHandler
                0x0001ecb4                TIMER3_IRQHandler
                0x0001ecb4                USART1_TX_IRQHandler
                0x0001ecb4                MSC_IRQHandler
                0x0001ecb4                ADC0_IRQHandler
                0x0001ecb4                UsageFault_Handler
                0x0001ecb4                LEUART0_IRQHandler
                0x0001ecb4                GPIO_EVEN_IRQHandler
                0x0001ecb4                TIMER2_IRQHandler
                0x0001ecb4                LCD_IRQHandler
                0x0001ecb4                PCNT2_IRQHandler
                0x0001ecb4                TIMER1_IRQHandler
                0x0001ecb4                USART2_RX_IRQHandler
                0x0001ecb4                EMU_IRQHandler
                0x0001ecb4                PCNT0_IRQHandler
                0x0001ecb4                USB_IRQHandler
                0x0001ecb4                BURTC_IRQHandler
                0x0001ecb4                PCNT1_IRQHandler
                0x0001ecb4                ACMP0_IRQHandler
                0x0001ecb4                USART0_RX_IRQHandler
                0x0001ecb4                MemManage_Handler
                0x0001ecb4                DAC0_IRQHandler
                0x0001ecb4                CMU_IRQHandler
                0x0001ecb4                EBI_IRQHandler
                0x0001ecb4                LESENSE_IRQHandler
                0x0001ecb4                AES_IRQHandler
                0x0001ecb4                VCMP_IRQHandler
                0x0001ecb4                BusFault_Handler
                0x0001ecb4                USART2_TX_IRQHandler
 .text.GetProdRev
                0x0001ecb8       0x1c ./CMSIS/efm32gg/system_efm32gg.o
 .text.SystemCoreClockGet
                0x0001ecd4       0x34 ./CMSIS/efm32gg/system_efm32gg.o
                0x0001ecd4                SystemCoreClockGet
 .text.SystemMaxCoreClockGet
                0x0001ed08       0x14 ./CMSIS/efm32gg/system_efm32gg.o
                0x0001ed08                SystemMaxCoreClockGet
 .text.SystemHFClockGet
                0x0001ed1c      0x100 ./CMSIS/efm32gg/system_efm32gg.o
                0x0001ed1c                SystemHFClockGet
 .text.SystemHFXOClockGet
                0x0001ee1c       0x18 ./CMSIS/efm32gg/system_efm32gg.o
                0x0001ee1c                SystemHFXOClockGet
 .text.SystemInit
                0x0001ee34        0xc ./CMSIS/efm32gg/system_efm32gg.o
                0x0001ee34                SystemInit
 .text.SystemLFRCOClockGet
                0x0001ee40       0x14 ./CMSIS/efm32gg/system_efm32gg.o
                0x0001ee40                SystemLFRCOClockGet
 .text.SystemULFRCOClockGet
                0x0001ee54       0x14 ./CMSIS/efm32gg/system_efm32gg.o
                0x0001ee54                SystemULFRCOClockGet
 .text.SystemLFXOClockGet
                0x0001ee68       0x18 ./CMSIS/efm32gg/system_efm32gg.o
                0x0001ee68                SystemLFXOClockGet
 .text          0x0001ee80      0x370 c:/memo/siliconlabs/simplicitystudio/v3/developer/toolchains/gnu_arm/4.8_2013q4/bin/../lib/gcc/arm-none-eabi/4.8.3/armv7-m\libgcc.a(_arm_addsubdf3.o)
                0x0001ee80                __aeabi_drsub
                0x0001ee88                __aeabi_dsub
                0x0001ee88                __subdf3
                0x0001ee8c                __aeabi_dadd
                0x0001ee8c                __adddf3
                0x0001f104                __floatunsidf
                0x0001f104                __aeabi_ui2d
                0x0001f124                __floatsidf
                0x0001f124                __aeabi_i2d
                0x0001f148                __aeabi_f2d
                0x0001f148                __extendsfdf2
                0x0001f184                __floatundidf
                0x0001f184                __aeabi_ul2d
                0x0001f194                __floatdidf
                0x0001f194                __aeabi_l2d
 .text          0x0001f1f0      0x424 c:/memo/siliconlabs/simplicitystudio/v3/developer/toolchains/gnu_arm/4.8_2013q4/bin/../lib/gcc/arm-none-eabi/4.8.3/armv7-m\libgcc.a(_arm_muldivdf3.o)
                0x0001f1f0                __aeabi_dmul
                0x0001f1f0                __muldf3
                0x0001f444                __divdf3
                0x0001f444                __aeabi_ddiv
 .text          0x0001f614       0x40 c:/memo/siliconlabs/simplicitystudio/v3/developer/toolchains/gnu_arm/4.8_2013q4/bin/../lib/gcc/arm-none-eabi/4.8.3/armv7-m\libgcc.a(_arm_fixunsdfsi.o)
                0x0001f614                __aeabi_d2uiz
                0x0001f614                __fixunsdfsi
 .text.abs      0x0001f654        0x8 c:/memo/siliconlabs/simplicitystudio/v3/developer/toolchains/gnu_arm/4.8_2013q4/bin/../lib/gcc/arm-none-eabi/4.8.3/../../../../arm-none-eabi/lib/armv7-m\libc_s.a(lib_a-abs.o)
                0x0001f654                abs
 .text.exit     0x0001f65c       0x28 c:/memo/siliconlabs/simplicitystudio/v3/developer/toolchains/gnu_arm/4.8_2013q4/bin/../lib/gcc/arm-none-eabi/4.8.3/../../../../arm-none-eabi/lib/armv7-m\libc_s.a(lib_a-exit.o)
                0x0001f65c                exit
 .text.__libc_init_array
                0x0001f684       0x4c c:/memo/siliconlabs/simplicitystudio/v3/developer/toolchains/gnu_arm/4.8_2013q4/bin/../lib/gcc/arm-none-eabi/4.8.3/../../../../arm-none-eabi/lib/armv7-m\libc_s.a(lib_a-init.o)
                0x0001f684                __libc_init_array
 .text.malloc   0x0001f6d0       0x10 c:/memo/siliconlabs/simplicitystudio/v3/developer/toolchains/gnu_arm/4.8_2013q4/bin/../lib/gcc/arm-none-eabi/4.8.3/../../../../arm-none-eabi/lib/armv7-m\libc_s.a(lib_a-malloc.o)
                0x0001f6d0                malloc
 .text.memcmp   0x0001f6e0       0x1e c:/memo/siliconlabs/simplicitystudio/v3/developer/toolchains/gnu_arm/4.8_2013q4/bin/../lib/gcc/arm-none-eabi/4.8.3/../../../../arm-none-eabi/lib/armv7-m\libc_s.a(lib_a-memcmp.o)
                0x0001f6e0                memcmp
 .text.memcpy   0x0001f6fe       0x12 c:/memo/siliconlabs/simplicitystudio/v3/developer/toolchains/gnu_arm/4.8_2013q4/bin/../lib/gcc/arm-none-eabi/4.8.3/../../../../arm-none-eabi/lib/armv7-m\libc_s.a(lib_a-memcpy-stub.o)
                0x0001f6fe                memcpy
 .text.memset   0x0001f710       0x10 c:/memo/siliconlabs/simplicitystudio/v3/developer/toolchains/gnu_arm/4.8_2013q4/bin/../lib/gcc/arm-none-eabi/4.8.3/../../../../arm-none-eabi/lib/armv7-m\libc_s.a(lib_a-memset.o)
                0x0001f710                memset
 .text._malloc_r
                0x0001f720       0xa8 c:/memo/siliconlabs/simplicitystudio/v3/developer/toolchains/gnu_arm/4.8_2013q4/bin/../lib/gcc/arm-none-eabi/4.8.3/../../../../arm-none-eabi/lib/armv7-m\libc_s.a(lib_a-nano-mallocr.o)
                0x0001f720                _malloc_r
 .text._sbrk_r  0x0001f7c8       0x20 c:/memo/siliconlabs/simplicitystudio/v3/developer/toolchains/gnu_arm/4.8_2013q4/bin/../lib/gcc/arm-none-eabi/4.8.3/../../../../arm-none-eabi/lib/armv7-m\libc_s.a(lib_a-sbrkr.o)
                0x0001f7c8                _sbrk_r
 .text.strcpy   0x0001f7e8       0x10 c:/memo/siliconlabs/simplicitystudio/v3/developer/toolchains/gnu_arm/4.8_2013q4/bin/../lib/gcc/arm-none-eabi/4.8.3/../../../../arm-none-eabi/lib/armv7-m\libc_s.a(lib_a-strcpy.o)
                0x0001f7e8                strcpy
 .text.strlen   0x0001f7f8       0x10 c:/memo/siliconlabs/simplicitystudio/v3/developer/toolchains/gnu_arm/4.8_2013q4/bin/../lib/gcc/arm-none-eabi/4.8.3/../../../../arm-none-eabi/lib/armv7-m\libc_s.a(lib_a-strlen.o)
                0x0001f7f8                strlen
 .text._sbrk    0x0001f808       0x34 c:/memo/siliconlabs/simplicitystudio/v3/developer/toolchains/gnu_arm/4.8_2013q4/bin/../lib/gcc/arm-none-eabi/4.8.3/../../../../arm-none-eabi/lib/armv7-m\libnosys.a(sbrk.o)
                0x0001f808                _sbrk
 .text._exit    0x0001f83c        0x4 c:/memo/siliconlabs/simplicitystudio/v3/developer/toolchains/gnu_arm/4.8_2013q4/bin/../lib/gcc/arm-none-eabi/4.8.3/../../../../arm-none-eabi/lib/armv7-m\libnosys.a(_exit.o)
                0x0001f83c                _exit
 *(.init)
 .init          0x0001f840        0x4 c:/memo/siliconlabs/simplicitystudio/v3/developer/toolchains/gnu_arm/4.8_2013q4/bin/../lib/gcc/arm-none-eabi/4.8.3/armv7-m/crti.o
                0x0001f840                _init
 .init          0x0001f844        0x8 c:/memo/siliconlabs/simplicitystudio/v3/developer/toolchains/gnu_arm/4.8_2013q4/bin/../lib/gcc/arm-none-eabi/4.8.3/armv7-m/crtn.o
 *(.fini)
 .fini          0x0001f84c        0x4 c:/memo/siliconlabs/simplicitystudio/v3/developer/toolchains/gnu_arm/4.8_2013q4/bin/../lib/gcc/arm-none-eabi/4.8.3/armv7-m/crti.o
                0x0001f84c                _fini
 .fini          0x0001f850        0x8 c:/memo/siliconlabs/simplicitystudio/v3/developer/toolchains/gnu_arm/4.8_2013q4/bin/../lib/gcc/arm-none-eabi/4.8.3/armv7-m/crtn.o
 .fini.__stub   0x0001f858       0x30 linker stubs
 *crtbegin.o(.ctors)
 *crtbegin?.o(.ctors)
 *(EXCLUDE_FILE(*crtend.o *crtend?.o) .ctors)
 *(SORT(.ctors.*))
 *(.ctors)
 *crtbegin.o(.dtors)
 *crtbegin?.o(.dtors)
 *(EXCLUDE_FILE(*crtend.o *crtend?.o) .dtors)
 *(SORT(.dtors.*))
 *(.dtors)
 *(.rodata*)
 .rodata        0x0001f888      0x358 ./task/src/init.o
 .rodata        0x0001fbe0      0x340 ./task/src/mytask.o
 .rodata        0x0001ff20       0x40 ./src/EFM32GG280.o
 .rodata        0x0001ff60       0x18 ./rf/src/rf_spi.o
 .rodata        0x0001ff78     0x16c4 ./protocol/icp/src/icp_app.o
 .rodata.PARA_AREA
                0x0002163c      0x550 ./protocol/ecp/src/ecp_app.o
                0x0002163c                PARA_AREA
 .rodata        0x00021b8c      0x3c4 ./protocol/ecp/src/ecp_app.o
 .rodata        0x00021f50       0xdc ./protocol/ecp/src/ecp_process.o
 .rodata        0x0002202c      0x2e8 ./mid/src/flashstorage.o
 .rodata        0x00022314       0x1c ./mid/src/systime.o
 .rodata        0x00022330       0xbc ./mid/src/unixtime.o
 .rodata        0x000223ec        0x8 ./hal/src/hal_gps.o
 .rodata        0x000223f4       0x10 ./hal/src/hal_i2c.o
 .rodata        0x00022404       0x24 ./hal/src/hal_r8025t.o
 .rodata        0x00022428        0x4 ./hal/src/hal_rtc.o
 .rodata        0x0002242c       0x40 ./hal/src/hal_usart.o
 .rodata        0x0002246c        0xc ./hal/src/hal_wdog.o
 .rodata.i2cNSum
                0x00022478        0x4 ./emlib/em_i2c.o
 .rodata.resetCauseMasks
                0x0002247c       0x80 ./emlib/em_rmu.o
 .rodata        0x000224fc        0x8 ./FREERTOS/tasks.o
 .rodata        0x00022504       0x10 ./FREERTOS/timers.o
 .rodata.str1.1
                0x00022514        0x2 c:/memo/siliconlabs/simplicitystudio/v3/developer/toolchains/gnu_arm/4.8_2013q4/bin/../lib/gcc/arm-none-eabi/4.8.3/../../../../arm-none-eabi/lib/armv7-m\libc_s.a(lib_a-impure.o)
 *fill*         0x00022516        0x2 
 .rodata._global_impure_ptr
                0x00022518        0x4 c:/memo/siliconlabs/simplicitystudio/v3/developer/toolchains/gnu_arm/4.8_2013q4/bin/../lib/gcc/arm-none-eabi/4.8.3/../../../../arm-none-eabi/lib/armv7-m\libc_s.a(lib_a-impure.o)
                0x00022518                _global_impure_ptr
 *(.eh_frame*)
 .eh_frame      0x0002251c        0x0 c:/memo/siliconlabs/simplicitystudio/v3/developer/toolchains/gnu_arm/4.8_2013q4/bin/../lib/gcc/arm-none-eabi/4.8.3/armv7-m/crtbegin.o
 .eh_frame      0x0002251c        0x4 c:/memo/siliconlabs/simplicitystudio/v3/developer/toolchains/gnu_arm/4.8_2013q4/bin/../lib/gcc/arm-none-eabi/4.8.3/armv7-m/crtend.o

.glue_7         0x00022520        0x0
 .glue_7        0x00000000        0x0 linker stubs

.glue_7t        0x00022520        0x0
 .glue_7t       0x00000000        0x0 linker stubs

.vfp11_veneer   0x00022520        0x0
 .vfp11_veneer  0x00000000        0x0 linker stubs

.v4_bx          0x00022520        0x0
 .v4_bx         0x00000000        0x0 linker stubs

.iplt           0x00022520        0x0
 .iplt          0x00000000        0x0 c:/memo/siliconlabs/simplicitystudio/v3/developer/toolchains/gnu_arm/4.8_2013q4/bin/../lib/gcc/arm-none-eabi/4.8.3/armv7-m/crtbegin.o

.ARM.extab
 *(.ARM.extab* .gnu.linkonce.armextab.*)
                0x00022520                __exidx_start = .

.ARM.exidx      0x00022520        0x8
 *(.ARM.exidx* .gnu.linkonce.armexidx.*)
 .ARM.exidx     0x00022520        0x8 c:/memo/siliconlabs/simplicitystudio/v3/developer/toolchains/gnu_arm/4.8_2013q4/bin/../lib/gcc/arm-none-eabi/4.8.3/../../../../arm-none-eabi/lib/armv7-m/crt0.o
                0x00022528                __exidx_end = .
                0x00022528                __etext = .

.rel.dyn        0x00022528        0x0
 .rel.iplt      0x00000000        0x0 c:/memo/siliconlabs/simplicitystudio/v3/developer/toolchains/gnu_arm/4.8_2013q4/bin/../lib/gcc/arm-none-eabi/4.8.3/armv7-m/crtbegin.o

.data           0x20000000      0x944 load address 0x00022528
                0x20000000                __data_start__ = .
 *(vtable)
 *(.data*)
 .data.Radio_Configuration_Data_Array
                0x20000000      0x320 ./rf/src/radio_hal.o
                0x20000000                Radio_Configuration_Data_Array
 .data.RadioConfiguration
                0x20000320        0xc ./rf/src/radio_hal.o
                0x20000320                RadioConfiguration
 .data.pRadioConfiguration
                0x2000032c        0x4 ./rf/src/radio_hal.o
                0x2000032c                pRadioConfiguration
 .data.uxCriticalNesting
                0x20000330        0x4 ./FREERTOS/port.o
 .data.SystemHFXOClock
                0x20000334        0x4 ./CMSIS/efm32gg/system_efm32gg.o
 .data.SystemLFXOClock
                0x20000338        0x4 ./CMSIS/efm32gg/system_efm32gg.o
 .data.impure_data
                0x2000033c       0x60 c:/memo/siliconlabs/simplicitystudio/v3/developer/toolchains/gnu_arm/4.8_2013q4/bin/../lib/gcc/arm-none-eabi/4.8.3/../../../../arm-none-eabi/lib/armv7-m\libc_s.a(lib_a-impure.o)